Component: ARM Compiler 5.06 update 7 (build 960) Tool: armlink [4d3601]

==============================================================================

Section Cross References

    startup_stm32f407xx.o(STACK) refers (Special) to heapauxi.o(.text) for __use_two_region_memory
    startup_stm32f407xx.o(HEAP) refers (Special) to heapauxi.o(.text) for __use_two_region_memory
    startup_stm32f407xx.o(RESET) refers (Special) to heapauxi.o(.text) for __use_two_region_memory
    startup_stm32f407xx.o(RESET) refers to startup_stm32f407xx.o(STACK) for __initial_sp
    startup_stm32f407xx.o(RESET) refers to startup_stm32f407xx.o(.text) for Reset_Handler
    startup_stm32f407xx.o(RESET) refers to stm32f4xx_it.o(i.NMI_Handler) for NMI_Handler
    startup_stm32f407xx.o(RESET) refers to stm32f4xx_it.o(i.HardFault_Handler) for HardFault_Handler
    startup_stm32f407xx.o(RESET) refers to stm32f4xx_it.o(i.MemManage_Handler) for MemManage_Handler
    startup_stm32f407xx.o(RESET) refers to stm32f4xx_it.o(i.BusFault_Handler) for BusFault_Handler
    startup_stm32f407xx.o(RESET) refers to stm32f4xx_it.o(i.UsageFault_Handler) for UsageFault_Handler
    startup_stm32f407xx.o(RESET) refers to stm32f4xx_it.o(i.SVC_Handler) for SVC_Handler
    startup_stm32f407xx.o(RESET) refers to stm32f4xx_it.o(i.DebugMon_Handler) for DebugMon_Handler
    startup_stm32f407xx.o(RESET) refers to stm32f4xx_it.o(i.PendSV_Handler) for PendSV_Handler
    startup_stm32f407xx.o(RESET) refers to stm32f4xx_it.o(i.SysTick_Handler) for SysTick_Handler
    startup_stm32f407xx.o(RESET) refers to stm32f4xx_it.o(i.DMA1_Stream0_IRQHandler) for DMA1_Stream0_IRQHandler
    startup_stm32f407xx.o(RESET) refers to stm32f4xx_it.o(i.TIM1_BRK_TIM9_IRQHandler) for TIM1_BRK_TIM9_IRQHandler
    startup_stm32f407xx.o(RESET) refers to stm32f4xx_it.o(i.TIM1_UP_TIM10_IRQHandler) for TIM1_UP_TIM10_IRQHandler
    startup_stm32f407xx.o(RESET) refers to stm32f4xx_it.o(i.TIM1_TRG_COM_TIM11_IRQHandler) for TIM1_TRG_COM_TIM11_IRQHandler
    startup_stm32f407xx.o(RESET) refers to stm32f4xx_it.o(i.TIM1_CC_IRQHandler) for TIM1_CC_IRQHandler
    startup_stm32f407xx.o(RESET) refers to stm32f4xx_it.o(i.TIM3_IRQHandler) for TIM3_IRQHandler
    startup_stm32f407xx.o(RESET) refers to stm32f4xx_it.o(i.TIM4_IRQHandler) for TIM4_IRQHandler
    startup_stm32f407xx.o(RESET) refers to stm32f4xx_it.o(i.TIM8_BRK_TIM12_IRQHandler) for TIM8_BRK_TIM12_IRQHandler
    startup_stm32f407xx.o(RESET) refers to stm32f4xx_it.o(i.TIM8_UP_TIM13_IRQHandler) for TIM8_UP_TIM13_IRQHandler
    startup_stm32f407xx.o(RESET) refers to stm32f4xx_it.o(i.TIM8_TRG_COM_TIM14_IRQHandler) for TIM8_TRG_COM_TIM14_IRQHandler
    startup_stm32f407xx.o(RESET) refers to stm32f4xx_it.o(i.TIM8_CC_IRQHandler) for TIM8_CC_IRQHandler
    startup_stm32f407xx.o(RESET) refers to stm32f4xx_it.o(i.TIM5_IRQHandler) for TIM5_IRQHandler
    startup_stm32f407xx.o(RESET) refers to stm32f4xx_it.o(i.DMA2_Stream1_IRQHandler) for DMA2_Stream1_IRQHandler
    startup_stm32f407xx.o(RESET) refers to stm32f4xx_it.o(i.USART6_IRQHandler) for USART6_IRQHandler
    startup_stm32f407xx.o(.text) refers (Special) to heapauxi.o(.text) for __use_two_region_memory
    startup_stm32f407xx.o(.text) refers to system_stm32f4xx.o(i.SystemInit) for SystemInit
    startup_stm32f407xx.o(.text) refers to __main.o(!!!main) for __main
    startup_stm32f407xx.o(.text) refers to startup_stm32f407xx.o(HEAP) for Heap_Mem
    startup_stm32f407xx.o(.text) refers to startup_stm32f407xx.o(STACK) for Stack_Mem
    main.o(i.HAL_UART_RxCpltCallback) refers to komunikasirobot.o(i.rx_get) for rx_get
    main.o(i.HAL_UART_RxCpltCallback) refers to main.o(.bss) for .bss
    main.o(i.MX_GPIO_Init) refers to rt_memclr_w.o(.text) for __aeabi_memclr4
    main.o(i.MX_GPIO_Init) refers to stm32f4xx_hal_gpio.o(i.HAL_GPIO_WritePin) for HAL_GPIO_WritePin
    main.o(i.MX_GPIO_Init) refers to stm32f4xx_hal_gpio.o(i.HAL_GPIO_Init) for HAL_GPIO_Init
    main.o(i.MX_TIM10_Init) refers to rt_memclr_w.o(.text) for __aeabi_memclr4
    main.o(i.MX_TIM10_Init) refers to stm32f4xx_hal_tim.o(i.HAL_TIM_Base_Init) for HAL_TIM_Base_Init
    main.o(i.MX_TIM10_Init) refers to stm32f4xx_hal_tim.o(i.HAL_TIM_PWM_Init) for HAL_TIM_PWM_Init
    main.o(i.MX_TIM10_Init) refers to stm32f4xx_hal_tim.o(i.HAL_TIM_PWM_ConfigChannel) for HAL_TIM_PWM_ConfigChannel
    main.o(i.MX_TIM10_Init) refers to stm32f4xx_hal_msp.o(i.HAL_TIM_MspPostInit) for HAL_TIM_MspPostInit
    main.o(i.MX_TIM10_Init) refers to main.o(.bss) for .bss
    main.o(i.MX_TIM11_Init) refers to rt_memclr_w.o(.text) for __aeabi_memclr4
    main.o(i.MX_TIM11_Init) refers to stm32f4xx_hal_tim.o(i.HAL_TIM_Base_Init) for HAL_TIM_Base_Init
    main.o(i.MX_TIM11_Init) refers to stm32f4xx_hal_tim.o(i.HAL_TIM_PWM_Init) for HAL_TIM_PWM_Init
    main.o(i.MX_TIM11_Init) refers to stm32f4xx_hal_tim.o(i.HAL_TIM_PWM_ConfigChannel) for HAL_TIM_PWM_ConfigChannel
    main.o(i.MX_TIM11_Init) refers to stm32f4xx_hal_msp.o(i.HAL_TIM_MspPostInit) for HAL_TIM_MspPostInit
[...]
    .constdata                               0x0800b520   Section      152  atan.o(.constdata)
    atanhi                                   0x0800b520   Data          32  atan.o(.constdata)
    atanlo                                   0x0800b540   Data          32  atan.o(.constdata)
    aTodd                                    0x0800b560   Data          40  atan.o(.constdata)
    aTeven                                   0x0800b588   Data          48  atan.o(.constdata)
    .constdata                               0x0800b5b8   Section      136  pow.o(.constdata)
    bp                                       0x0800b5b8   Data          16  pow.o(.constdata)
    dp_h                                     0x0800b5c8   Data          16  pow.o(.constdata)
    dp_l                                     0x0800b5d8   Data          16  pow.o(.constdata)
    L                                        0x0800b5e8   Data          48  pow.o(.constdata)
    P                                        0x0800b618   Data          40  pow.o(.constdata)
    .constdata                               0x0800b640   Section        8  qnan.o(.constdata)
    .data                                    0x20000000   Section      704  main.o(.data)
    .data                                    0x200002c0   Section        8  komunikasirobot.o(.data)
    rxbuf                                    0x200002c0   Data           3  komunikasirobot.o(.data)
    huart                                    0x200002c4   Data           4  komunikasirobot.o(.data)
    .data                                    0x200002c8   Section      160  mpu9250_lib.o(.data)
    .data                                    0x20000368   Section       12  stm32f4xx_hal.o(.data)
    .data                                    0x20000374   Section        4  system_stm32f4xx.o(.data)
    .bss                                     0x20000378   Section     4124  main.o(.bss)
    .bss                                     0x20001394   Section       96  main.o(.bss)
    .bss                                     0x200013f4   Section       96  main.o(.bss)
    .bss                                     0x20001454   Section       16  komunikasirobot.o(.bss)
    rxbuf_get                                0x20001454   Data          16  komunikasirobot.o(.bss)
    .bss                                     0x20001464   Section       21  mpu9250_lib.o(.bss)
    .bss                                     0x2000147c   Section       96  libspace.o(.bss)
    HEAP                                     0x200014e0   Section      512  startup_stm32f407xx.o(HEAP)
    Heap_Mem                                 0x200014e0   Data         512  startup_stm32f407xx.o(HEAP)
    STACK                                    0x200016e0   Section     1024  startup_stm32f407xx.o(STACK)
    Stack_Mem                                0x200016e0   Data        1024  startup_stm32f407xx.o(STACK)
    __initial_sp                             0x20001ae0   Data           0  startup_stm32f407xx.o(STACK)

    Global Symbols

    Symbol Name                              Value     Ov Type        Size  Object(Section)

    BuildAttributes$$THM_ISAv4$E$P$D$K$B$S$7EM$VFPi3$EXTD16$VFPS$VFMA$PE$A:L22UL41UL21$X:L11$S22US41US21$IEEE1$IW$USESV6$~STKCKD$USESV7$~SHL$OTIME$ROPI$IEEEX$EBA8$UX$STANDARDLIB$REQ8$PRES8$EABIv2 0x00000000   Number         0  anon$$obj.o ABSOLUTE
    __ARM_use_no_argv                        0x00000000   Number         0  main.o ABSOLUTE
    __ARM_exceptions_init                     - Undefined Weak Reference
    __alloca_initialize                       - Undefined Weak Reference
    __arm_fini_                               - Undefined Weak Reference
    __arm_preinit_                            - Undefined Weak Reference
    __cpp_initialize__aeabi_                  - Undefined Weak Reference
    __cxa_finalize                            - Undefined Weak Reference
    __rt_locale                               - Undefined Weak Reference
    __sigvec_lookup                           - Undefined Weak Reference
    _atexit_init                              - Undefined Weak Reference
    _call_atexit_fns                          - Undefined Weak Reference
    _clock_init                               - Undefined Weak Reference
    _fp_trap_init                             - Undefined Weak Reference
    _fp_trap_shutdown                         - Undefined Weak Reference
    _get_lc_collate                           - Undefined Weak Reference
    _get_lc_ctype                             - Undefined Weak Reference
    _get_lc_monetary                          - Undefined Weak Reference
    _get_lc_numeric                           - Undefined Weak Reference
    _get_lc_time                              - Undefined Weak Reference
    _getenv_init                              - Undefined Weak Reference
    _handle_redirection                       - Undefined Weak Reference
    _init_alloc                               - Undefined Weak Reference
    _init_user_alloc                          - Undefined Weak Reference
    _initio                                   - Undefined Weak Reference
    _rand_init                                - Undefined Weak Reference
    _signal_finish                            - Undefined Weak Reference
    _signal_init                              - Undefined Weak Reference
    _terminate_alloc                          - Undefined Weak Reference
    _terminate_user_alloc                     - Undefined Weak Reference
    _terminateio                              - Undefined Weak Reference
    __Vectors_Size                           0x00000188   Number         0  startup_stm32f407xx.o ABSOLUTE
    __Vectors                                0x08000000   Data           4  startup_stm32f407xx.o(RESET)
    __Vectors_End                            0x08000188   Data           0  startup_stm32f407xx.o(RESET)
    __main                                   0x08000189   Thumb Code     8  __main.o(!!!main)
    __scatterload                            0x08000191   Thumb Code     0  __scatter.o(!!!scatter)
    __scatterload_rt2                        0x08000191   Thumb Code    44  __scatter.o(!!!scatter)
    __scatterload_rt2_thumb_only             0x08000191   Thumb Code     0  __scatter.o(!!!scatter)
    __scatterload_null                       0x0800019f   Thumb Code     0  __scatter.o(!!!scatter)
    __decompress                             0x080001c5   Thumb Code    90  __dczerorl2.o(!!dczerorl2)
    __decompress1                            0x080001c5   Thumb Code     0  __dczerorl2.o(!!dczerorl2)
    __scatterload_zeroinit                   0x08000221   Thumb Code    28  __scatter_zi.o(!!handler_zi)
    __rt_lib_init                            0x0800023d   Thumb Code     0  libinit.o(.ARM.Collect$$libinit$$00000000)
    __rt_lib_init_fp_1                       0x0800023f   Thumb Code     0  libinit2.o(.ARM.Collect$$libinit$$00000001)
    __rt_lib_init_alloca_1                   0x08000243   Thumb Code     0  libinit2.o(.ARM.Collect$$libinit$$0000002E)
    __rt_lib_init_argv_1                     0x08000243   Thumb Code     0  libinit2.o(.ARM.Collect$$libinit$$0000002C)
    __rt_lib_init_atexit_1                   0x08000243   Thumb Code     0  libinit2.o(.ARM.Collect$$libinit$$0000001B)
    __rt_lib_init_clock_1                    0x08000243   Thumb Code     0  libinit2.o(.ARM.Collect$$libinit$$00000021)
    __rt_lib_init_cpp_1                      0x08000243   Thumb Code     0  libinit2.o(.ARM.Collect$$libinit$$00000032)
    __rt_lib_init_exceptions_1               0x08000243   Thumb Code     0  libinit2.o(.ARM.Collect$$libinit$$00000030)
    __rt_lib_init_fp_trap_1                  0x08000243   Thumb Code     0  libinit2.o(.ARM.Collect$$libinit$$0000001F)
    __rt_lib_init_getenv_1                   0x08000243   Thumb Code     0  libinit2.o(.ARM.Collect$$libinit$$00000023)
    __rt_lib_init_heap_1                     0x08000243   Thumb Code     0  libinit2.o(.ARM.Collect$$libinit$$0000000A)
    __rt_lib_init_lc_collate_1               0x08000243   Thumb Code     0  libinit2.o(.ARM.Collect$$libinit$$00000011)
    __rt_lib_init_lc_ctype_1                 0x08000243   Thumb Code     0  libinit2.o(.ARM.Collect$$libinit$$00000013)
    __rt_lib_init_lc_monetary_1              0x08000243   Thumb Code     0  libinit2.o(.ARM.Collect$$libinit$$00000015)
    __rt_lib_init_lc_numeric_1               0x08000243   Thumb Code     0  libinit2.o(.ARM.Collect$$libinit$$00000017)
    __rt_lib_init_lc_time_1                  0x08000243   Thumb Code     0  libinit2.o(.ARM.Collect$$libinit$$00000019)
    __rt_lib_init_preinit_1                  0x08000243   Thumb Code     0  libinit2.o(.ARM.Collect$$libinit$$00000004)
    __rt_lib_init_rand_1                     0x08000243   Thumb Code     0  libinit2.o(.ARM.Collect$$libinit$$0000000E)
    __rt_lib_init_return                     0x08000243   Thumb Code     0  libinit2.o(.ARM.Collect$$libinit$$00000033)
    __rt_lib_init_signal_1                   0x08000243   Thumb Code     0  libinit2.o(.ARM.Collect$$libinit$$0000001D)
    __rt_lib_init_stdio_1                    0x08000243   Thumb Code     0  libinit2.o(.ARM.Collect$$libinit$$00000025)
    __rt_lib_init_user_alloc_1               0x08000243   Thumb Code     0  libinit2.o(.ARM.Collect$$libinit$$0000000C)
    __rt_lib_shutdown                        0x08000245   Thumb Code     0  libshutdown.o(.ARM.Collect$$libshutdown$$00000000)
    __rt_lib_shutdown_cpp_1                  0x08000247   Thumb Code     0  libshutdown2.o(.ARM.Collect$$libshutdown$$00000004)
    __rt_lib_shutdown_fini_1                 0x08000247   Thumb Code     0  libshutdown2.o(.ARM.Collect$$libshutdown$$00000002)
    __rt_lib_shutdown_fp_trap_1              0x08000247   Thumb Code     0  libshutdown2.o(.ARM.Collect$$libshutdown$$00000009)
    __rt_lib_shutdown_heap_1                 0x08000247   Thumb Code     0  libshutdown2.o(.ARM.Collect$$libshutdown$$00000011)
    __rt_lib_shutdown_return                 0x08000247   Thumb Code     0  libshutdown2.o(.ARM.Collect$$libshutdown$$00000012)
    __rt_lib_shutdown_signal_1               0x08000247   Thumb Code     0  libshutdown2.o(.ARM.Collect$$libshutdown$$0000000C)
    __rt_lib_shutdown_stdio_1                0x08000247   Thumb Code     0  libshutdown2.o(.ARM.Collect$$libshutdown$$00000006)
    __rt_lib_shutdown_user_alloc_1           0x08000247   Thumb Code     0  libshutdown2.o(.ARM.Collect$$libshutdown$$0000000E)
    __rt_entry                               0x08000249   Thumb Code     0  __rtentry.o(.ARM.Collect$$rtentry$$00000000)
    __rt_entry_presh_1                       0x08000249   Thumb Code     0  __rtentry2.o(.ARM.Collect$$rtentry$$00000002)
    __rt_entry_sh                            0x08000249   Thumb Code     0  __rtentry4.o(.ARM.Collect$$rtentry$$00000004)
    __rt_entry_li                            0x0800024f   Thumb Code     0  __rtentry2.o(.ARM.Collect$$rtentry$$0000000A)
    __rt_entry_postsh_1                      0x0800024f   Thumb Code     0  __rtentry2.o(.ARM.Collect$$rtentry$$00000009)
    __rt_entry_main                          0x08000253   Thumb Code     0  __rtentry2.o(.ARM.Collect$$rtentry$$0000000D)
    __rt_entry_postli_1                      0x08000253   Thumb Code     0  __rtentry2.o(.ARM.Collect$$rtentry$$0000000C)
    __rt_exit                                0x0800025b   Thumb Code     0  rtexit.o(.ARM.Collect$$rtexit$$00000000)
    __rt_exit_ls                             0x0800025d   Thumb Code     0  rtexit2.o(.ARM.Collect$$rtexit$$00000003)
    __rt_exit_prels_1                        0x0800025d   Thumb Code     0  rtexit2.o(.ARM.Collect$$rtexit$$00000002)
    __rt_exit_exit                           0x08000261   Thumb Code     0  rtexit2.o(.ARM.Collect$$rtexit$$00000004)
    Reset_Handler                            0x08000269   Thumb Code     8  startup_stm32f407xx.o(.text)
    ADC_IRQHandler                           0x08000283   Thumb Code     0  startup_stm32f407xx.o(.text)
    CAN1_RX0_IRQHandler                      0x08000283   Thumb Code     0  startup_stm32f407xx.o(.text)
    CAN1_RX1_IRQHandler                      0x08000283   Thumb Code     0  startup_stm32f407xx.o(.text)
    CAN1_SCE_IRQHandler                      0x08000283   Thumb Code     0  startup_stm32f407xx.o(.text)
    CAN1_TX_IRQHandler                       0x08000283   Thumb Code     0  startup_stm32f407xx.o(.text)
    CAN2_RX0_IRQHandler                      0x08000283   Thumb Code     0  startup_stm32f407xx.o(.text)
    CAN2_RX1_IRQHandler                      0x08000283   Thumb Code     0  startup_stm32f407xx.o(.text)
    CAN2_SCE_IRQHandler                      0x08000283   Thumb Code     0  startup_stm32f407xx.o(.text)
    CAN2_TX_IRQHandler                       0x08000283   Thumb Code     0  startup_stm32f407xx.o(.text)
    DCMI_IRQHandler                          0x08000283   Thumb Code     0  startup_stm32f407xx.o(.text)
    DMA1_Stream1_IRQHandler                  0x08000283   Thumb Code     0  startup_stm32f407xx.o(.text)
    DMA1_Stream2_IRQHandler                  0x08000283   Thumb Code     0  startup_stm32f407xx.o(.text)
    DMA1_Stream3_IRQHandler                  0x08000283   Thumb Code     0  startup_stm32f407xx.o(.text)
    DMA1_Stream4_IRQHandler                  0x08000283   Thumb Code     0  startup_stm32f407xx.o(.text)
    DMA1_Stream5_IRQHandler                  0x08000283   Thumb Code     0  startup_stm32f407xx.o(.text)
    DMA1_Stream6_IRQHandler                  0x08000283   Thumb Code     0  startup_stm32f407xx.o(.text)
    DMA1_Stream7_IRQHandler                  0x08000283   Thumb Code     0  startup_stm32f407xx.o(.text)
    DMA2_Stream0_IRQHandler                  0x08000283   Thumb Code     0  startup_stm32f407xx.o(.text)
    DMA2_Stream2_IRQHandler                  0x08000283   Thumb Code     0  startup_stm32f407xx.o(.text)
    DMA2_Stream3_IRQHandler                  0x08000283   Thumb Code     0  startup_stm32f407xx.o(.text)
    DMA2_Stream4_IRQHandler                  0x08000283   Thumb Code     0  startup_stm32f407xx.o(.text)
    DMA2_Stream5_IRQHandler                  0x08000283   Thumb Code     0  startup_stm32f407xx.o(.text)
    DMA2_Stream6_IRQHandler                  0x08000283   Thumb Code     0  startup_stm32f407xx.o(.text)
    DMA2_Stream7_IRQHandler                  0x08000283   Thumb Code     0  startup_stm32f407xx.o(.text)
    ETH_IRQHandler                           0x08000283   Thumb Code     0  startup_stm32f407xx.o(.text)
    ETH_WKUP_IRQHandler                      0x08000283   Thumb Code     0  startup_stm32f407xx.o(.text)
    EXTI0_IRQHandler                         0x08000283   Thumb Code     0  startup_stm32f407xx.o(.text)
    EXTI15_10_IRQHandler                     0x08000283   Thumb Code     0  startup_stm32f407xx.o(.text)
    EXTI1_IRQHandler                         0x08000283   Thumb Code     0  startup_stm32f407xx.o(.text)
    EXTI2_IRQHandler                         0x08000283   Thumb Code     0  startup_stm32f407xx.o(.text)
    EXTI3_IRQHandler                         0x08000283   Thumb Code     0  startup_stm32f407xx.o(.text)
    EXTI4_IRQHandler                         0x08000283   Thumb Code     0  startup_stm32f407xx.o(.text)
    EXTI9_5_IRQHandler                       0x08000283   Thumb Code     0  startup_stm32f407xx.o(.text)
    FLASH_IRQHandler                         0x08000283   Thumb Code     0  startup_stm32f407xx.o(.text)
    FMC_IRQHandler                           0x08000283   Thumb Code     0  startup_stm32f407xx.o(.text)
    FPU_IRQHandler                           0x08000283   Thumb Code     0  startup_stm32f407xx.o(.text)
    HASH_RNG_IRQHandler                      0x08000283   Thumb Code     0  startup_stm32f407xx.o(.text)
    I2C1_ER_IRQHandler                       0x08000283   Thumb Code     0  startup_stm32f407xx.o(.text)
    I2C1_EV_IRQHandler                       0x08000283   Thumb Code     0  startup_stm32f407xx.o(.text)
    I2C2_ER_IRQHandler                       0x08000283   Thumb Code     0  startup_stm32f407xx.o(.text)
    I2C2_EV_IRQHandler                       0x08000283   Thumb Code     0  startup_stm32f407xx.o(.text)
    I2C3_ER_IRQHandler                       0x08000283   Thumb Code     0  startup_stm32f407xx.o(.text)
    I2C3_EV_IRQHandler                       0x08000283   Thumb Code     0  startup_stm32f407xx.o(.text)
    OTG_FS_IRQHandler                        0x08000283   Thumb Code     0  startup_stm32f407xx.o(.text)
    OTG_FS_WKUP_IRQHandler                   0x08000283   Thumb Code     0  startup_stm32f407xx.o(.text)
    OTG_HS_EP1_IN_IRQHandler                 0x08000283   Thumb Code     0  startup_stm32f407xx.o(.text)
    OTG_HS_EP1_OUT_IRQHandler                0x08000283   Thumb Code     0  startup_stm32f407xx.o(.text)
    OTG_HS_IRQHandler                        0x08000283   Thumb Code     0  startup_stm32f407xx.o(.text)
    OTG_HS_WKUP_IRQHandler                   0x08000283   Thumb Code     0  startup_stm32f407xx.o(.text)
    PVD_IRQHandler                           0x08000283   Thumb Code     0  startup_stm32f407xx.o(.text)
    RCC_IRQHandler                           0x08000283   Thumb Code     0  startup_stm32f407xx.o(.text)
    RTC_Alarm_IRQHandler                     0x08000283   Thumb Code     0  startup_stm32f407xx.o(.text)
    RTC_WKUP_IRQHandler                      0x08000283   Thumb Code     0  startup_stm32f407xx.o(.text)
    SDIO_IRQHandler                          0x08000283   Thumb Code     0  startup_stm32f407xx.o(.text)
    SPI1_IRQHandler                          0x08000283   Thumb Code     0  startup_stm32f407xx.o(.text)
    SPI2_IRQHandler                          0x08000283   Thumb Code     0  startup_stm32f407xx.o(.text)
    SPI3_IRQHandler                          0x08000283   Thumb Code     0  startup_stm32f407xx.o(.text)
    TAMP_STAMP_IRQHandler                    0x08000283   Thumb Code     0  startup_stm32f407xx.o(.text)
    TIM2_IRQHandler                          0x08000283   Thumb Code     0  startup_stm32f407xx.o(.text)
    TIM6_DAC_IRQHandler                      0x08000283   Thumb Code     0  startup_stm32f407xx.o(.text)
    TIM7_IRQHandler                          0x08000283   Thumb Code     0  startup_stm32f407xx.o(.text)
    UART4_IRQHandler                         0x08000283   Thumb Code     0  startup_stm32f407xx.o(.text)
    UART5_IRQHandler                         0x08000283   Thumb Code     0  startup_stm32f407xx.o(.text)
    USART1_IRQHandler                        0x08000283   Thumb Code     0  startup_stm32f407xx.o(.text)
    USART2_IRQHandler                        0x08000283   Thumb Code     0  startup_stm32f407xx.o(.text)
    USART3_IRQHandler                        0x08000283   Thumb Code     0  startup_stm32f407xx.o(.text)
    WWDG_IRQHandler                          0x08000283   Thumb Code     0  startup_stm32f407xx.o(.text)
    __user_initial_stackheap                 0x08000285   Thumb Code     0  startup_stm32f407xx.o(.text)
    __aeabi_uldivmod                         0x080002a9   Thumb Code     0  lludivv7m.o(.text)
    _ll_udiv                                 0x080002a9   Thumb Code   238  lludivv7m.o(.text)
    __aeabi_memclr4                          0x08000397   Thumb Code     0  rt_memclr_w.o(.text)
    __aeabi_memclr8                          0x08000397   Thumb Code     0  rt_memclr_w.o(.text)
    __rt_memclr_w                            0x08000397   Thumb Code    78  rt_memclr_w.o(.text)
    _memset_w                                0x0800039b   Thumb Code     0  rt_memclr_w.o(.text)
    __use_two_region_memory                  0x080003e5   Thumb Code     2  heapauxi.o(.text)
    __rt_heap_escrow$2region                 0x080003e7   Thumb Code     2  heapauxi.o(.text)
    __rt_heap_expand$2region                 0x080003e9   Thumb Code     2  heapauxi.o(.text)
    __read_errno                             0x080003eb   Thumb Code    10  _rserrno.o(.text)
    __set_errno                              0x080003f5   Thumb Code    12  _rserrno.o(.text)
    __aeabi_errno_addr                       0x08000401   Thumb Code     8  rt_errno_addr_intlibspace.o(.text)
    __errno$intlibspace                      0x08000401   Thumb Code     0  rt_errno_addr_intlibspace.o(.text)
    __rt_errno_addr$intlibspace              0x08000401   Thumb Code     0  rt_errno_addr_intlibspace.o(.text)
    __user_libspace                          0x08000409   Thumb Code     8  libspace.o(.text)
    __user_perproc_libspace                  0x08000409   Thumb Code     0  libspace.o(.text)
    __user_perthread_libspace                0x08000409   Thumb Code     0  libspace.o(.text)
    __user_setup_stackheap                   0x08000411   Thumb Code    74  sys_stackheap_outer.o(.text)
    exit                                     0x0800045b   Thumb Code    18  exit.o(.text)
    _sys_exit                                0x0800046d   Thumb Code     8  sys_exit.o(.text)
    __I$use$semihosting                      0x08000479   Thumb Code     0  use_no_semi.o(.text)
    __use_no_semihosting_swi                 0x08000479   Thumb Code     2  use_no_semi.o(.text)
    BusFault_Handler                         0x0800047b   Thumb Code     2  stm32f4xx_it.o(i.BusFault_Handler)
    __semihosting_library_function           0x0800047b   Thumb Code     0  indicate_semi.o(.text)
    DMA1_Stream0_IRQHandler                  0x0800047d   Thumb Code     6  stm32f4xx_it.o(i.DMA1_Stream0_IRQHandler)
    DMA2_Stream1_IRQHandler                  0x08000489   Thumb Code     6  stm32f4xx_it.o(i.DMA2_Stream1_IRQHandler)
    DebugMon_Handler                         0x08000539   Thumb Code     2  stm32f4xx_it.o(i.DebugMon_Handler)
    Error_Handler                            0x0800053b   Thumb Code     4  main.o(i.Error_Handler)
    HAL_DMA_Abort                            0x0800053f   Thumb Code   146  stm32f4xx_hal_dma.o(i.HAL_DMA_Abort)
    HAL_DMA_Abort_IT                         0x080005d1   Thumb Code    36  stm32f4xx_hal_dma.o(i.HAL_DMA_Abort_IT)
    HAL_DMA_IRQHandler                       0x080005f5   Thumb Code   412  stm32f4xx_hal_dma.o(i.HAL_DMA_IRQHandler)
    HAL_DMA_Init                             0x08000795   Thumb Code   206  stm32f4xx_hal_dma.o(i.HAL_DMA_Init)
    HAL_DMA_Start_IT                         0x08000869   Thumb Code   110  stm32f4xx_hal_dma.o(i.HAL_DMA_Start_IT)
    HAL_Delay                                0x080008d9   Thumb Code    32  stm32f4xx_hal.o(i.HAL_Delay)
    HAL_GPIO_Init                            0x080008fd   Thumb Code   450  stm32f4xx_hal_gpio.o(i.HAL_GPIO_Init)
    HAL_GPIO_ReadPin                         0x08000aed   Thumb Code    10  stm32f4xx_hal_gpio.o(i.HAL_GPIO_ReadPin)
    HAL_GPIO_WritePin                        0x08000af7   Thumb Code    10  stm32f4xx_hal_gpio.o(i.HAL_GPIO_WritePin)
    HAL_GetTick                              0x08000b01   Thumb Code     6  stm32f4xx_hal.o(i.HAL_GetTick)
    HAL_I2C_Init                             0x08000b0d   Thumb Code   376  stm32f4xx_hal_i2c.o(i.HAL_I2C_Init)
    HAL_I2C_Mem_Read                         0x08000c95   Thumb Code   490  stm32f4xx_hal_i2c.o(i.HAL_I2C_Mem_Read)
    HAL_I2C_MspInit                          0x08000e8d   Thumb Code   140  stm32f4xx_hal_msp.o(i.HAL_I2C_MspInit)
    HAL_IncTick                              0x08000f2d   Thumb Code    12  stm32f4xx_hal.o(i.HAL_IncTick)
    HAL_Init                                 0x08000f3d   Thumb Code    48  stm32f4xx_hal.o(i.HAL_Init)
    HAL_InitTick                             0x08000f71   Thumb Code    54  stm32f4xx_hal.o(i.HAL_InitTick)
    HAL_MspInit                              0x08000fb1   Thumb Code    42  stm32f4xx_hal_msp.o(i.HAL_MspInit)
    HAL_NVIC_EnableIRQ                       0x08000fe1   Thumb Code    26  stm32f4xx_hal_cortex.o(i.HAL_NVIC_EnableIRQ)
    HAL_NVIC_SetPriority                     0x08000ffd   Thumb Code    60  stm32f4xx_hal_cortex.o(i.HAL_NVIC_SetPriority)
    HAL_NVIC_SetPriorityGrouping             0x0800103d   Thumb Code    26  stm32f4xx_hal_cortex.o(i.HAL_NVIC_SetPriorityGrouping)
    HAL_RCC_ClockConfig                      0x08001061   Thumb Code   288  stm32f4xx_hal_rcc.o(i.HAL_RCC_ClockConfig)
    HAL_RCC_GetPCLK1Freq                     0x08001195   Thumb Code    20  stm32f4xx_hal_rcc.o(i.HAL_RCC_GetPCLK1Freq)
    HAL_RCC_GetPCLK2Freq                     0x080011b5   Thumb Code    20  stm32f4xx_hal_rcc.o(i.HAL_RCC_GetPCLK2Freq)
    HAL_RCC_GetSysClockFreq                  0x080011d5   Thumb Code    88  stm32f4xx_hal_rcc.o(i.HAL_RCC_GetSysClockFreq)
    HAL_RCC_OscConfig                        0x08001239   Thumb Code   856  stm32f4xx_hal_rcc.o(i.HAL_RCC_OscConfig)
    HAL_SYSTICK_Config                       0x080015a5   Thumb Code    40  stm32f4xx_hal_cortex.o(i.HAL_SYSTICK_Config)
    HAL_TIMEx_BreakCallback                  0x080015cd   Thumb Code     2  stm32f4xx_hal_tim_ex.o(i.HAL_TIMEx_BreakCallback)
    HAL_TIMEx_CommutCallback                 0x080015cf   Thumb Code     2  stm32f4xx_hal_tim_ex.o(i.HAL_TIMEx_CommutCallback)
    HAL_TIMEx_ConfigBreakDeadTime            0x080015d1   Thumb Code    84  stm32f4xx_hal_tim_ex.o(i.HAL_TIMEx_ConfigBreakDeadTime)
    HAL_TIMEx_MasterConfigSynchronization    0x08001625   Thumb Code   116  stm32f4xx_hal_tim_ex.o(i.HAL_TIMEx_MasterConfigSynchronization)
    HAL_TIMEx_PWMN_Start                     0x080016b5   Thumb Code   164  stm32f4xx_hal_tim_ex.o(i.HAL_TIMEx_PWMN_Start)
    HAL_TIM_Base_Init                        0x08001775   Thumb Code    90  stm32f4xx_hal_tim.o(i.HAL_TIM_Base_Init)
    HAL_TIM_Base_MspInit                     0x080017d1   Thumb Code   534  stm32f4xx_hal_msp.o(i.HAL_TIM_Base_MspInit)
    HAL_TIM_ConfigClockSource                0x08001a19   Thumb Code   220  stm32f4xx_hal_tim.o(i.HAL_TIM_ConfigClockSource)
    HAL_TIM_IC_CaptureCallback               0x08001af5   Thumb Code     2  stm32f4xx_hal_tim.o(i.HAL_TIM_IC_CaptureCallback)
    HAL_TIM_IRQHandler                       0x08001af7   Thumb Code   358  stm32f4xx_hal_tim.o(i.HAL_TIM_IRQHandler)
    HAL_TIM_MspPostInit                      0x08001c5d   Thumb Code   616  stm32f4xx_hal_msp.o(i.HAL_TIM_MspPostInit)
    HAL_TIM_OC_DelayElapsedCallback          0x08001f09   Thumb Code     2  stm32f4xx_hal_tim.o(i.HAL_TIM_OC_DelayElapsedCallback)
    HAL_TIM_PWM_ConfigChannel                0x08001f0b   Thumb Code   204  stm32f4xx_hal_tim.o(i.HAL_TIM_PWM_ConfigChannel)
    HAL_TIM_PWM_Init                         0x08001fd7   Thumb Code    90  stm32f4xx_hal_tim.o(i.HAL_TIM_PWM_Init)
    HAL_TIM_PWM_MspInit                      0x08002031   Thumb Code     2  stm32f4xx_hal_tim.o(i.HAL_TIM_PWM_MspInit)
    HAL_TIM_PWM_PulseFinishedCallback        0x08002033   Thumb Code     2  stm32f4xx_hal_tim.o(i.HAL_TIM_PWM_PulseFinishedCallback)
    HAL_TIM_PWM_Start                        0x08002035   Thumb Code   172  stm32f4xx_hal_tim.o(i.HAL_TIM_PWM_Start)
    HAL_TIM_PeriodElapsedCallback            0x080020fd   Thumb Code     2  stm32f4xx_hal_tim.o(i.HAL_TIM_PeriodElapsedCallback)
    HAL_TIM_TriggerCallback                  0x080020ff   Thumb Code     2  stm32f4xx_hal_tim.o(i.HAL_TIM_TriggerCallback)
    HAL_UARTEx_RxEventCallback               0x08002101   Thumb Code     2  stm32f4xx_hal_uart.o(i.HAL_UARTEx_RxEventCallback)
    HAL_UART_ErrorCallback                   0x08002103   Thumb Code     2  stm32f4xx_hal_uart.o(i.HAL_UART_ErrorCallback)
    HAL_UART_IRQHandler                      0x08002105   Thumb Code   610  stm32f4xx_hal_uart.o(i.HAL_UART_IRQHandler)
    HAL_UART_Init                            0x0800236d   Thumb Code    98  stm32f4xx_hal_uart.o(i.HAL_UART_Init)
    HAL_UART_MspInit                         0x080023d1   Thumb Code   160  stm32f4xx_hal_msp.o(i.HAL_UART_MspInit)
    HAL_UART_Receive_DMA                     0x08002485   Thumb Code    42  stm32f4xx_hal_uart.o(i.HAL_UART_Receive_DMA)
    HAL_UART_RxCpltCallback                  0x080024b1   Thumb Code     6  main.o(i.HAL_UART_RxCpltCallback)
    HAL_UART_RxHalfCpltCallback              0x080024bd   Thumb Code     2  stm32f4xx_hal_uart.o(i.HAL_UART_RxHalfCpltCallback)
    HAL_UART_Transmit                        0x080024c1   Thumb Code   178  stm32f4xx_hal_uart.o(i.HAL_UART_Transmit)
    HAL_UART_TxCpltCallback                  0x08002573   Thumb Code     2  stm32f4xx_hal_uart.o(i.HAL_UART_TxCpltCallback)
    HardFault_Handler                        0x08002575   Thumb Code     2  stm32f4xx_it.o(i.HardFault_Handler)
    Kalman_getAngle                          0x08002851   Thumb Code   470  mpu9250_lib.o(i.Kalman_getAngle)
    MPU9250_Read_Data                        0x08002a29   Thumb Code  1218  mpu9250_lib.o(i.MPU9250_Read_Data)
    MemManage_Handler                        0x08003731   Thumb Code     2  stm32f4xx_it.o(i.MemManage_Handler)
    NMI_Handler                              0x08003733   Thumb Code     2  stm32f4xx_it.o(i.NMI_Handler)
    PendSV_Handler                           0x08003735   Thumb Code     2  stm32f4xx_it.o(i.PendSV_Handler)
    SVC_Handler                              0x08003737   Thumb Code     2  stm32f4xx_it.o(i.SVC_Handler)
    SysTick_Handler                          0x08003739   Thumb Code     4  stm32f4xx_it.o(i.SysTick_Handler)
    SystemClock_Config                       0x0800373d   Thumb Code   136  main.o(i.SystemClock_Config)
    SystemInit                               0x080037cd   Thumb Code    12  system_stm32f4xx.o(i.SystemInit)
    TIM1_BRK_TIM9_IRQHandler                 0x080037dd   Thumb Code    18  stm32f4xx_it.o(i.TIM1_BRK_TIM9_IRQHandler)
    TIM1_CC_IRQHandler                       0x080037f9   Thumb Code     6  stm32f4xx_it.o(i.TIM1_CC_IRQHandler)
    TIM1_TRG_COM_TIM11_IRQHandler            0x08003805   Thumb Code    18  stm32f4xx_it.o(i.TIM1_TRG_COM_TIM11_IRQHandler)
    TIM1_UP_TIM10_IRQHandler                 0x08003821   Thumb Code    18  stm32f4xx_it.o(i.TIM1_UP_TIM10_IRQHandler)
    TIM3_IRQHandler                          0x0800383d   Thumb Code     6  stm32f4xx_it.o(i.TIM3_IRQHandler)
    TIM4_IRQHandler                          0x08003849   Thumb Code     6  stm32f4xx_it.o(i.TIM4_IRQHandler)
    TIM5_IRQHandler                          0x08003855   Thumb Code     6  stm32f4xx_it.o(i.TIM5_IRQHandler)
    TIM8_BRK_TIM12_IRQHandler                0x08003861   Thumb Code    18  stm32f4xx_it.o(i.TIM8_BRK_TIM12_IRQHandler)
    TIM8_CC_IRQHandler                       0x0800387d   Thumb Code     6  stm32f4xx_it.o(i.TIM8_CC_IRQHandler)
    TIM8_TRG_COM_TIM14_IRQHandler            0x08003889   Thumb Code    18  stm32f4xx_it.o(i.TIM8_TRG_COM_TIM14_IRQHandler)
    TIM8_UP_TIM13_IRQHandler                 0x080038a5   Thumb Code    18  stm32f4xx_it.o(i.TIM8_UP_TIM13_IRQHandler)
    TIM_Base_SetConfig                       0x080038c1   Thumb Code   156  stm32f4xx_hal_tim.o(i.TIM_Base_SetConfig)
    TIM_CCxChannelCmd                        0x08003989   Thumb Code    26  stm32f4xx_hal_tim.o(i.TIM_CCxChannelCmd)
    TIM_ETR_SetConfig                        0x080039bd   Thumb Code    20  stm32f4xx_hal_tim.o(i.TIM_ETR_SetConfig)
    TIM_OC2_SetConfig                        0x08003a41   Thumb Code    98  stm32f4xx_hal_tim.o(i.TIM_OC2_SetConfig)
    UART_Start_Receive_DMA                   0x08003ed9   Thumb Code   134  stm32f4xx_hal_uart.o(i.UART_Start_Receive_DMA)
    USART6_IRQHandler                        0x08003fe5   Thumb Code     6  stm32f4xx_it.o(i.USART6_IRQHandler)
    UsageFault_Handler                       0x08003ff1   Thumb Code     2  stm32f4xx_it.o(i.UsageFault_Handler)
    __ARM_fpclassify                         0x08003ff3   Thumb Code    48  fpclassify.o(i.__ARM_fpclassify)
    __hardfp_acos                            0x08004049   Thumb Code   738  acos.o(i.__hardfp_acos)
    __hardfp_atan                            0x080043a1   Thumb Code   622  atan.o(i.__hardfp_atan)
    __hardfp_atan2                           0x08004679   Thumb Code   448  atan2.o(i.__hardfp_atan2)
    __hardfp_fabs                            0x08004879   Thumb Code    20  fabs.o(i.__hardfp_fabs)
    __hardfp_pow                             0x08004891   Thumb Code  3072  pow.o(i.__hardfp_pow)
    __hardfp_sqrt                            0x080054e1   Thumb Code   122  sqrt.o(i.__hardfp_sqrt)
    __kernel_poly                            0x0800555b   Thumb Code   248  poly.o(i.__kernel_poly)
    __mathlib_dbl_divzero                    0x08005659   Thumb Code    28  dunder.o(i.__mathlib_dbl_divzero)
    __mathlib_dbl_infnan                     0x08005689   Thumb Code    20  dunder.o(i.__mathlib_dbl_infnan)
    __mathlib_dbl_infnan2                    0x0800569d   Thumb Code    20  dunder.o(i.__mathlib_dbl_infnan2)
    __mathlib_dbl_invalid                    0x080056b1   Thumb Code    24  dunder.o(i.__mathlib_dbl_invalid)
    __mathlib_dbl_overflow                   0x080056d1   Thumb Code    24  dunder.o(i.__mathlib_dbl_overflow)
    __mathlib_dbl_underflow                  0x080056f1   Thumb Code    24  dunder.o(i.__mathlib_dbl_underflow)
    atan                                     0x08005711   Thumb Code    16  atan.o(i.atan)
    bodykinematic                            0x08005721   Thumb Code  1132  main.o(i.bodykinematic)
    calculate_pid                            0x08005b95   Thumb Code   350  main.o(i.calculate_pid)
    check_angle_err                          0x08005cf9   Thumb Code    98  main.o(i.check_angle_err)
    fabs                                     0x08005d65   Thumb Code    24  fabs.o(i.fabs)
    inverse_akhir                            0x08005d7d   Thumb Code   188  main.o(i.inverse_akhir)
    inverse_kinematic                        0x08005e49   Thumb Code   686  main.o(i.inverse_kinematic)
    jalan                                    0x08006111   Thumb Code  1744  main.o(i.jalan)
    main                                     0x080067e5   Thumb Code   540  main.o(i.main)
    polinom                                  0x08006a4d   Thumb Code   198  main.o(i.polinom)
    pos_steady                               0x08006b31   Thumb Code   188  main.o(i.pos_steady)
    poskaki_awal                             0x08006bfd   Thumb Code   494  main.o(i.poskaki_awal)
    rx_get                                   0x08006df1   Thumb Code   882  komunikasirobot.o(i.rx_get)
    servowrite                               0x0800719d   Thumb Code  1670  main.o(i.servowrite)
    sqrt                                     0x08007823   Thumb Code   110  sqrt.o(i.sqrt)
    titik_awal                               0x08007891   Thumb Code   450  main.o(i.titik_awal)
    trayektori_tripod                        0x08007a8d   Thumb Code  5708  main.o(i.trayektori_tripod)
    treyektori_halftripod                    0x080090d9   Thumb Code  5802  main.o(i.treyektori_halftripod)
    __aeabi_dneg                             0x0800a783   Thumb Code     0  basic.o(x$fpl$basic)
    _dneg                                    0x0800a783   Thumb Code     6  basic.o(x$fpl$basic)
    __aeabi_fneg                             0x0800a789   Thumb Code     0  basic.o(x$fpl$basic)
    _fneg                                    0x0800a789   Thumb Code     6  basic.o(x$fpl$basic)
    _dabs                                    0x0800a78f   Thumb Code     6  basic.o(x$fpl$basic)
    _fabs                                    0x0800a795   Thumb Code     6  basic.o(x$fpl$basic)
    __aeabi_dadd                             0x0800a79d   Thumb Code     0  daddsub_clz.o(x$fpl$dadd)
    _dadd                                    0x0800a79d   Thumb Code   332  daddsub_clz.o(x$fpl$dadd)
    __fpl_dcheck_NaN1                        0x0800a8ed   Thumb Code    10  dcheck1.o(x$fpl$dcheck1)
    __fpl_dcmp_Inf                           0x0800a8fd   Thumb Code    24  dcmpi.o(x$fpl$dcmpinf)
    __aeabi_ddiv                             0x0800a915   Thumb Code     0  ddiv.o(x$fpl$ddiv)
    _ddiv                                    0x0800a915   Thumb Code   552  ddiv.o(x$fpl$ddiv)
    __aeabi_cdcmpeq                          0x0800abc5   Thumb Code     0  deqf.o(x$fpl$deqf)
    _dcmpeq                                  0x0800abc5   Thumb Code   120  deqf.o(x$fpl$deqf)
    __aeabi_d2iz                             0x0800ac3d   Thumb Code     0  dfix.o(x$fpl$dfix)
    _dfix                                    0x0800ac3d   Thumb Code    94  dfix.o(x$fpl$dfix)
    __aeabi_d2uiz                            0x0800ac9d   Thumb Code     0  dfixu.o(x$fpl$dfixu)
    _dfixu                                   0x0800ac9d   Thumb Code    90  dfixu.o(x$fpl$dfixu)
    __aeabi_i2d                              0x0800acf7   Thumb Code     0  dflt_clz.o(x$fpl$dflt)
    _dflt                                    0x0800acf7   Thumb Code    46  dflt_clz.o(x$fpl$dflt)
    __aeabi_ui2d                             0x0800ad25   Thumb Code     0  dflt_clz.o(x$fpl$dfltu)
    _dfltu                                   0x0800ad25   Thumb Code    38  dflt_clz.o(x$fpl$dfltu)
    __aeabi_cdcmple                          0x0800ad4d   Thumb Code     0  dleqf.o(x$fpl$dleqf)
    _dcmple                                  0x0800ad4d   Thumb Code   120  dleqf.o(x$fpl$dleqf)
    __fpl_dcmple_InfNaN                      0x0800adaf   Thumb Code     0  dleqf.o(x$fpl$dleqf)
    __aeabi_dmul                             0x0800adc5   Thumb Code     0  dmul.o(x$fpl$dmul)
    _dmul                                    0x0800adc5   Thumb Code   332  dmul.o(x$fpl$dmul)
    __fpl_dnaninf                            0x0800af19   Thumb Code   156  dnaninf.o(x$fpl$dnaninf)
    __fpl_dretinf                            0x0800afb5   Thumb Code    12  dretinf.o(x$fpl$dretinf)
    __aeabi_cdrcmple                         0x0800afc1   Thumb Code     0  drleqf.o(x$fpl$drleqf)
    _drcmple                                 0x0800afc1   Thumb Code   108  drleqf.o(x$fpl$drleqf)
    __aeabi_drsub                            0x0800b02d   Thumb Code     0  daddsub_clz.o(x$fpl$drsb)
    _drsb                                    0x0800b02d   Thumb Code    22  daddsub_clz.o(x$fpl$drsb)
    _dsqrt                                   0x0800b045   Thumb Code   404  dsqrt_umaal.o(x$fpl$dsqrt)
    __aeabi_dsub                             0x0800b1dd   Thumb Code     0  daddsub_clz.o(x$fpl$dsub)
    _dsub                                    0x0800b1dd   Thumb Code   464  daddsub_clz.o(x$fpl$dsub)
    _fp_init                                 0x0800b3b1   Thumb Code    10  fpinit.o(x$fpl$fpinit)
    __fplib_config_fpu_vfp                   0x0800b3b9   Thumb Code     0  fpinit.o(x$fpl$fpinit)
    __fplib_config_pureend_doubles           0x0800b3b9   Thumb Code     0  fpinit.o(x$fpl$fpinit)
    __fpl_return_NaN                         0x0800b3bb   Thumb Code   100  retnan.o(x$fpl$retnan)
    __ARM_scalbn                             0x0800b41f   Thumb Code    92  scalbn.o(x$fpl$scalbn)
    __fpl_cmpreturn                          0x0800b47b   Thumb Code    48  trapv.o(x$fpl$trapveneer)
    __I$use$fp                               0x0800b4aa   Number         0  usenofp.o(x$fpl$usenofp)
    AHBPrescTable                            0x0800b4b2   Data          16  system_stm32f4xx.o(.constdata)
    APBPrescTable                            0x0800b4c2   Data           8  system_stm32f4xx.o(.constdata)
    __mathlib_zero                           0x0800b640   Data           8  qnan.o(.constdata)
    Region$$Table$$Base                      0x0800b648   Number         0  anon$$obj.o(Region$$Table)
    Region$$Table$$Limit                     0x0800b668   Number         0  anon$$obj.o(Region$$Table)
    capit_home                               0x20000000   Data           1  main.o(.data)
    steady                                   0x20000001   Data           1  main.o(.data)
    boot                                     0x20000002   Data           1  main.o(.data)
    bawa_korban                              0x20000003   Data           1  main.o(.data)
    gerak_tripod                             0x20000004   Data           1  main.o(.data)
    gerak_rotasi                             0x20000005   Data           1  main.o(.data)
    gerak_halftripod                         0x20000006   Data           1  main.o(.data)
    lean_limit                               0x20000007   Data           1  main.o(.data)
    rotasi_limit                             0x20000008   Data           1  main.o(.data)
    leaning                                  0x20000009   Data           1  main.o(.data)
    capit_stdy                               0x2000000a   Data           1  main.o(.data)
    capit_nyapit                             0x2000000b   Data           1  main.o(.data)
    capit_evakuasi                           0x2000000c   Data           1  main.o(.data)
    capit_evakuasihalf                       0x2000000d   Data           1  main.o(.data)
    boot_limit                               0x2000000e   Data           1  main.o(.data)
    walkA                                    0x2000000f   Data           1  main.o(.data)
    walkB                                    0x20000010   Data           1  main.o(.data)
    stop_state                               0x20000011   Data           1  main.o(.data)
    tick_now                                 0x20000014   Data           4  main.o(.data)
    prev_tick                                0x20000018   Data           4  main.o(.data)
    langkah                                  0x2000001c   Data           4  main.o(.data)
    delay_time                               0x20000020   Data           4  main.o(.data)
    mode_leaning                             0x20000024   Data           4  main.o(.data)
    run_state                                0x20000028   Data           4  main.o(.data)
    boot_mode                                0x2000002c   Data           4  main.o(.data)
    deltaCOXA_home_stdy                      0x20000030   Data           4  main.o(.data)
    deltaCOXA_home_start                     0x20000034   Data           4  main.o(.data)
    deltaCOXA_stdy_start                     0x20000038   Data           4  main.o(.data)
    deltaCOXA_evakuasihalf_home              0x2000003c   Data           4  main.o(.data)
    deltaFEMUR_home_stdy                     0x20000040   Data           4  main.o(.data)
    deltaFEMUR_home_start                    0x20000044   Data           4  main.o(.data)
    deltaFEMUR_stdy_start                    0x20000048   Data           4  main.o(.data)
    deltaFEMUR_evakuasihalf_home             0x2000004c   Data           4  main.o(.data)
    mode_rotasi                              0x20000050   Data           4  main.o(.data)
    capit_pos                                0x20000054   Data           4  main.o(.data)
    mode_buka                                0x20000058   Data           4  main.o(.data)
    lean_valXY                               0x2000005c   Data           4  main.o(.data)
    last_move_posX                           0x20000060   Data           4  main.o(.data)
    last_move_posY                           0x20000064   Data           4  main.o(.data)
    move_posZ                                0x20000068   Data           4  main.o(.data)
    last_move_posZ                           0x2000006c   Data           4  main.o(.data)
    Y_corection                              0x20000070   Data           4  main.o(.data)
    i                                        0x20000074   Data           4  main.o(.data)
    trajectory_delay                         0x20000078   Data           4  main.o(.data)
    coxa                                     0x20000080   Data           8  main.o(.data)
    femur                                    0x20000088   Data           8  main.o(.data)
    tibia                                    0x20000090   Data           8  main.o(.data)
    rad                                      0x20000098   Data           8  main.o(.data)
    deg                                      0x200000a0   Data           8  main.o(.data)
    offsetsudutfemur1                        0x200000a8   Data           8  main.o(.data)
    offsetsudutfemur2                        0x200000b0   Data           8  main.o(.data)
    offsetsuduttibia1                        0x200000b8   Data           8  main.o(.data)
    offsetsuduttibia2                        0x200000c0   Data           8  main.o(.data)
    Kp                                       0x200000c8   Data           8  main.o(.data)
    Ki                                       0x200000d0   Data           8  main.o(.data)
    Kd                                       0x200000d8   Data           8  main.o(.data)
    setRoll_val                              0x200000e0   Data           8  main.o(.data)
    setPitch_val                             0x200000e8   Data           8  main.o(.data)
    rx_posSTDX                               0x200000f0   Data           8  main.o(.data)
    rx_posSTDY                               0x200000f8   Data           8  main.o(.data)
    rx_posSTDZ                               0x20000100   Data           8  main.o(.data)
    dataGX                                   0x20000108   Data           8  main.o(.data)
    dataGY                                   0x20000110   Data           8  main.o(.data)
    dataGZ                                   0x20000118   Data           8  main.o(.data)
    savedataGx                               0x20000120   Data           8  main.o(.data)
    savedataGy                               0x20000128   Data           8  main.o(.data)
    angleRoll                                0x20000130   Data           8  main.o(.data)
    anglePitch                               0x20000138   Data           8  main.o(.data)
    angleYaw                                 0x20000140   Data           8  main.o(.data)
    newroll_val                              0x20000148   Data           8  main.o(.data)
    newpitch_val                             0x20000150   Data           8  main.o(.data)
    roll_P                                   0x20000158   Data           8  main.o(.data)
    roll_I                                   0x20000160   Data           8  main.o(.data)
    roll_D                                   0x20000168   Data           8  main.o(.data)
    pitch_P                                  0x20000170   Data           8  main.o(.data)
    pitch_I                                  0x20000178   Data           8  main.o(.data)
    pitch_D                                  0x20000180   Data           8  main.o(.data)
    roll_error                               0x20000188   Data           8  main.o(.data)
    last_roll_error                          0x20000190   Data           8  main.o(.data)
    pitch_error                              0x20000198   Data           8  main.o(.data)
    last_pitch_error                         0x200001a0   Data           8  main.o(.data)
    angleRoll_Corr                           0x200001a8   Data           8  main.o(.data)
    anglePitch_Corr                          0x200001b0   Data           8  main.o(.data)
    a                                        0x200001b8   Data           8  main.o(.data)
    b                                        0x200001c0   Data           8  main.o(.data)
    c                                        0x200001c8   Data           8  main.o(.data)
    d                                        0x200001d0   Data           8  main.o(.data)
    t                                        0x200001d8   Data           8  main.o(.data)
    iterasi                                  0x200001e0   Data           8  main.o(.data)
    Servoiniterror                           0x200001e8   Data          72  main.o(.data)
    offsetbadanX                             0x20000230   Data          48  main.o(.data)
    offsetbadanY                             0x20000260   Data          48  main.o(.data)
    offsetbadanZ                             0x20000290   Data          48  main.o(.data)
    Mag_Adjust                               0x200002c8   Data           3  mpu9250_lib.o(.data)
    I2C_Timout                               0x200002cc   Data           4  mpu9250_lib.o(.data)
    timer                                    0x200002d0   Data           4  mpu9250_lib.o(.data)
    KalmanX                                  0x200002d8   Data          72  mpu9250_lib.o(.data)
    KalmanY                                  0x20000320   Data          72  mpu9250_lib.o(.data)
    uwTickFreq                               0x20000368   Data           1  stm32f4xx_hal.o(.data)
    uwTickPrio                               0x2000036c   Data           4  stm32f4xx_hal.o(.data)
    uwTick                                   0x20000370   Data           4  stm32f4xx_hal.o(.data)
    SystemCoreClock                          0x20000374   Data           4  system_stm32f4xx.o(.data)
    adjust_posX                              0x20000378   Data          48  main.o(.bss)
    adjust_posY                              0x200003a8   Data          48  main.o(.bss)
    adjust_posZ                              0x200003d8   Data          48  main.o(.bss)
    posX                                     0x20000408   Data          48  main.o(.bss)
    posY                                     0x20000438   Data          48  main.o(.bss)
    posZ                                     0x20000468   Data          48  main.o(.bss)
    init_posX                                0x20000498   Data          48  main.o(.bss)
    init_posY                                0x200004c8   Data          48  main.o(.bss)
    init_posZ                                0x200004f8   Data          48  main.o(.bss)
    posakhirRX                               0x20000528   Data          48  main.o(.bss)
    move_posRX                               0x20000558   Data          48  main.o(.bss)
    posakhirRY                               0x20000588   Data          48  main.o(.bss)
    move_posRY                               0x200005b8   Data          48  main.o(.bss)
    posakhirRZ                               0x200005e8   Data          48  main.o(.bss)
    move_posRZ                               0x20000618   Data          48  main.o(.bss)
    updateposX                               0x20000648   Data          48  main.o(.bss)
    updateposY                               0x20000678   Data          48  main.o(.bss)
    updateposZ                               0x200006a8   Data          48  main.o(.bss)
    posZ_lean                                0x200006d8   Data          48  main.o(.bss)
    X0                                       0x20000708   Data          48  main.o(.bss)
    X1                                       0x20000738   Data          48  main.o(.bss)
    Y1                                       0x20000768   Data          48  main.o(.bss)
    Z0                                       0x20000798   Data          48  main.o(.bss)
    f1                                       0x200007c8   Data          48  main.o(.bss)
    f2                                       0x200007f8   Data          48  main.o(.bss)
    A                                        0x20000828   Data          48  main.o(.bss)
    RX                                       0x20000858   Data          72  main.o(.bss)
    RY                                       0x200008a0   Data          72  main.o(.bss)
    RZ                                       0x200008e8   Data          72  main.o(.bss)
    Rxy                                      0x20000930   Data          72  main.o(.bss)
    Rxyz                                     0x20000978   Data          72  main.o(.bss)
    bodyX                                    0x200009c0   Data          48  main.o(.bss)
    bodyY                                    0x200009f0   Data          48  main.o(.bss)
    bodyZ                                    0x20000a20   Data          48  main.o(.bss)
    XP1                                      0x20000a50   Data          48  main.o(.bss)
    XP2                                      0x20000a80   Data          48  main.o(.bss)
    XP3                                      0x20000ab0   Data          48  main.o(.bss)
    XP4                                      0x20000ae0   Data          48  main.o(.bss)
    YP1                                      0x20000b10   Data          48  main.o(.bss)
    YP2                                      0x20000b40   Data          48  main.o(.bss)
    YP3                                      0x20000b70   Data          48  main.o(.bss)
    YP4                                      0x20000ba0   Data          48  main.o(.bss)
    ZP1                                      0x20000bd0   Data          48  main.o(.bss)
    ZP2                                      0x20000c00   Data          48  main.o(.bss)
    ZP3                                      0x20000c30   Data          48  main.o(.bss)
    ZP4                                      0x20000c60   Data          48  main.o(.bss)
    theta_C                                  0x20000c90   Data          48  main.o(.bss)
    theta_F                                  0x20000cc0   Data          48  main.o(.bss)
    theta_T                                  0x20000cf0   Data          48  main.o(.bss)
    sudutCoxa                                0x20000d20   Data          48  main.o(.bss)
    sudutFemur                               0x20000d50   Data          48  main.o(.bss)
    sudutTibia                               0x20000d80   Data          48  main.o(.bss)
    bodyX_correction                         0x20000db0   Data          48  main.o(.bss)
    bodyZ_correction                         0x20000de0   Data          48  main.o(.bss)
    lean_valZ                                0x20000e10   Data          24  main.o(.bss)
    homing_posX                              0x20000e28   Data          24  main.o(.bss)
    last_posX                                0x20000e40   Data          24  main.o(.bss)
    homing_posY                              0x20000e58   Data          24  main.o(.bss)
    last_posY                                0x20000e70   Data          24  main.o(.bss)
    homing_posZ                              0x20000e88   Data          24  main.o(.bss)
    last_posZ                                0x20000ea0   Data          24  main.o(.bss)
    move_posY_correction                     0x20000eb8   Data          24  main.o(.bss)
    MPU9250                                  0x20000ed0   Data         160  main.o(.bss)
    data_rx                                  0x20000f70   Data          44  main.o(.bss)
    hi2c1                                    0x20000f9c   Data          84  main.o(.bss)
    htim1                                    0x20000ff0   Data          72  main.o(.bss)
    htim2                                    0x20001038   Data          72  main.o(.bss)
    htim3                                    0x20001080   Data          72  main.o(.bss)
    htim4                                    0x200010c8   Data          72  main.o(.bss)
    htim5                                    0x20001110   Data          72  main.o(.bss)
    htim8                                    0x20001158   Data          72  main.o(.bss)
    htim9                                    0x200011a0   Data          72  main.o(.bss)
    htim10                                   0x200011e8   Data          72  main.o(.bss)
    htim11                                   0x20001230   Data          72  main.o(.bss)
    htim12                                   0x20001278   Data          72  main.o(.bss)
    htim13                                   0x200012c0   Data          72  main.o(.bss)
    htim14                                   0x20001308   Data          72  main.o(.bss)
    huart6                                   0x20001350   Data          68  main.o(.bss)
    hdma_i2c1_rx                             0x20001394   Data          96  main.o(.bss)
    hdma_usart6_rx                           0x200013f4   Data          96  main.o(.bss)
    buffer                                   0x20001464   Data          21  mpu9250_lib.o(.bss)
    __libspace_start                         0x2000147c   Data          96  libspace.o(.bss)
    __temporary_stack_top$libspace           0x200014dc   Data           0  libspace.o(.bss)



==============================================================================

Memory Map of the image

  Image Entry point : 0x08000189

  Load Region LR_IROM1 (Base: 0x08000000, Size: 0x0000b9e0, Max: 0x00080000, ABSOLUTE, COMPRESSED[0x0000b720])

    Execution Region ER_IROM1 (Exec base: 0x08000000, Load base: 0x08000000, Size: 0x0000b668, Max: 0x00080000, ABSOLUTE)

    Exec Addr    Load Addr    Size         Type   Attr      Idx    E Section Name        Object

    0x08000000   0x08000000   0x00000188   Data   RO            3    RESET               startup_stm32f407xx.o
    0x08000188   0x08000188   0x00000008   Code   RO         3901  * !!!main             c_w.l(__main.o)
    0x08000190   0x08000190   0x00000034   Code   RO         4267    !!!scatter          c_w.l(__scatter.o)
    0x080001c4   0x080001c4   0x0000005a   Code   RO         4265    !!dczerorl2         c_w.l(__dczerorl2.o)
    0x0800021e   0x0800021e   0x00000002   PAD
    0x08000220   0x08000220   0x0000001c   Code   RO         4269    !!handler_zi        c_w.l(__scatter_zi.o)
    0x0800023c   0x0800023c   0x00000002   Code   RO         4132    .ARM.Collect$$libinit$$00000000  c_w.l(libinit.o)
    0x0800023e   0x0800023e   0x00000004   Code   RO         4143    .ARM.Collect$$libinit$$00000001  c_w.l(libinit2.o)
    0x08000242   0x08000242   0x00000000   Code   RO         4146    .ARM.Collect$$libinit$$00000004  c_w.l(libinit2.o)
    0x08000242   0x08000242   0x00000000   Code   RO         4149    .ARM.Collect$$libinit$$0000000A  c_w.l(libinit2.o)
    0x08000242   0x08000242   0x00000000   Code   RO         4151    .ARM.Collect$$libinit$$0000000C  c_w.l(libinit2.o)
    0x08000242   0x08000242   0x00000000   Code   RO         4153    .ARM.Collect$$libinit$$0000000E  c_w.l(libinit2.o)
    0x08000242   0x08000242   0x00000000   Code   RO         4156    .ARM.Collect$$libinit$$00000011  c_w.l(libinit2.o)
    0x08000242   0x08000242   0x00000000   Code   RO         4158    .ARM.Collect$$libinit$$00000013  c_w.l(libinit2.o)
    0x08000242   0x08000242   0x00000000   Code   RO         4160    .ARM.Collect$$libinit$$00000015  c_w.l(libinit2.o)
    0x08000242   0x08000242   0x00000000   Code   RO         4162    .ARM.Collect$$libinit$$00000017  c_w.l(libinit2.o)
    0x08000242   0x08000242   0x00000000   Code   RO         4164    .ARM.Collect$$libinit$$00000019  c_w.l(libinit2.o)
    0x08000242   0x08000242   0x00000000   Code   RO         4166    .ARM.Collect$$libinit$$0000001B  c_w.l(libinit2.o)
    0x08000242   0x08000242   0x00000000   Code   RO         4168    .ARM.Collect$$libinit$$0000001D  c_w.l(libinit2.o)
    0x08000242   0x08000242   0x00000000   Code   RO         4170    .ARM.Collect$$libinit$$0000001F  c_w.l(libinit2.o)
    0x08000242   0x08000242   0x00000000   Code   RO         4172    .ARM.Collect$$libinit$$00000021  c_w.l(libinit2.o)
    0x08000242   0x08000242   0x00000000   Code   RO         4174    .ARM.Collect$$libinit$$00000023  c_w.l(libinit2.o)
    0x08000242   0x08000242   0x00000000   Code   RO         4176    .ARM.Collect$$libinit$$00000025  c_w.l(libinit2.o)
    0x08000242   0x08000242   0x00000000   Code   RO         4180    .ARM.Collect$$libinit$$0000002C  c_w.l(libinit2.o)
    0x08000242   0x08000242   0x00000000   Code   RO         4182    .ARM.Collect$$libinit$$0000002E  c_w.l(libinit2.o)
    0x08000242   0x08000242   0x00000000   Code   RO         4184    .ARM.Collect$$libinit$$00000030  c_w.l(libinit2.o)
    0x08000242   0x08000242   0x00000000   Code   RO         4186    .ARM.Collect$$libinit$$00000032  c_w.l(libinit2.o)
    0x08000242   0x08000242   0x00000002   Code   RO         4187    .ARM.Collect$$libinit$$00000033  c_w.l(libinit2.o)
    0x08000244   0x08000244   0x00000002   Code   RO         4220    .ARM.Collect$$libshutdown$$00000000  c_w.l(libshutdown.o)
    0x08000246   0x08000246   0x00000000   Code   RO         4246    .ARM.Collect$$libshutdown$$00000002  c_w.l(libshutdown2.o)
    0x08000246   0x08000246   0x00000000   Code   RO         4248    .ARM.Collect$$libshutdown$$00000004  c_w.l(libshutdown2.o)
    0x08000246   0x08000246   0x00000000   Code   RO         4250    .ARM.Collect$$libshutdown$$00000006  c_w.l(libshutdown2.o)
    0x08000246   0x08000246   0x00000000   Code   RO         4253    .ARM.Collect$$libshutdown$$00000009  c_w.l(libshutdown2.o)
    0x08000246   0x08000246   0x00000000   Code   RO         4256    .ARM.Collect$$libshutdown$$0000000C  c_w.l(libshutdown2.o)
    0x08000246   0x08000246   0x00000000   Code   RO         4258    .ARM.Collect$$libshutdown$$0000000E  c_w.l(libshutdown2.o)
    0x08000246   0x08000246   0x00000000   Code   RO         4261    .ARM.Collect$$libshutdown$$00000011  c_w.l(libshutdown2.o)
    0x08000246   0x08000246   0x00000002   Code   RO         4262    .ARM.Collect$$libshutdown$$00000012  c_w.l(libshutdown2.o)
    0x08000248   0x08000248   0x00000000   Code   RO         4037    .ARM.Collect$$rtentry$$00000000  c_w.l(__rtentry.o)
    0x08000248   0x08000248   0x00000000   Code   RO         4093    .ARM.Collect$$rtentry$$00000002  c_w.l(__rtentry2.o)
    0x08000248   0x08000248   0x00000006   Code   RO         4105    .ARM.Collect$$rtentry$$00000004  c_w.l(__rtentry4.o)
    0x0800024e   0x0800024e   0x00000000   Code   RO         4095    .ARM.Collect$$rtentry$$00000009  c_w.l(__rtentry2.o)
    0x0800024e   0x0800024e   0x00000004   Code   RO         4096    .ARM.Collect$$rtentry$$0000000A  c_w.l(__rtentry2.o)
    0x08000252   0x08000252   0x00000000   Code   RO         4098    .ARM.Collect$$rtentry$$0000000C  c_w.l(__rtentry2.o)
    0x08000252   0x08000252   0x00000008   Code   RO         4099    .ARM.Collect$$rtentry$$0000000D  c_w.l(__rtentry2.o)
    0x0800025a   0x0800025a   0x00000002   Code   RO         4135    .ARM.Collect$$rtexit$$00000000  c_w.l(rtexit.o)
    0x0800025c   0x0800025c   0x00000000   Code   RO         4193    .ARM.Collect$$rtexit$$00000002  c_w.l(rtexit2.o)
    0x0800025c   0x0800025c   0x00000004   Code   RO         4194    .ARM.Collect$$rtexit$$00000003  c_w.l(rtexit2.o)
    0x08000260   0x08000260   0x00000006   Code   RO         4195    .ARM.Collect$$rtexit$$00000004  c_w.l(rtexit2.o)
    0x08000266   0x08000266   0x00000002   PAD
    0x08000268   0x08000268   0x00000040   Code   RO            4    .text               startup_stm32f407xx.o
    0x080002a8   0x080002a8   0x000000ee   Code   RO         3895    .text               c_w.l(lludivv7m.o)
    0x08000396   0x08000396   0x0000004e   Code   RO         3897    .text               c_w.l(rt_memclr_w.o)
    0x080003e4   0x080003e4   0x00000006   Code   RO         3899    .text               c_w.l(heapauxi.o)
    0x080003ea   0x080003ea   0x00000016   Code   RO         4042    .text               c_w.l(_rserrno.o)
    0x08000400   0x08000400   0x00000008   Code   RO         4112    .text               c_w.l(rt_errno_addr_intlibspace.o)
    0x08000408   0x08000408   0x00000008   Code   RO         4116    .text               c_w.l(libspace.o)
    0x08000410   0x08000410   0x0000004a   Code   RO         4119    .text               c_w.l(sys_stackheap_outer.o)
    0x0800045a   0x0800045a   0x00000012   Code   RO         4121    .text               c_w.l(exit.o)
    0x0800046c   0x0800046c   0x0000000c   Code   RO         4190    .text               c_w.l(sys_exit.o)
    0x08000478   0x08000478   0x00000002   Code   RO         4209    .text               c_w.l(use_no_semi.o)
    0x0800047a   0x0800047a   0x00000000   Code   RO         4211    .text               c_w.l(indicate_semi.o)
    0x0800047a   0x0800047a   0x00000002   Code   RO          508    i.BusFault_Handler  stm32f4xx_it.o
    0x0800047c   0x0800047c   0x0000000c   Code   RO          509    i.DMA1_Stream0_IRQHandler  stm32f4xx_it.o
    0x08000488   0x08000488   0x0000000c   Code   RO          510    i.DMA2_Stream1_IRQHandler  stm32f4xx_it.o
    0x08000494   0x08000494   0x00000028   Code   RO         1855    i.DMA_CalcBaseAndBitshift  stm32f4xx_hal_dma.o
    0x080004bc   0x080004bc   0x00000054   Code   RO         1856    i.DMA_CheckFifoParam  stm32f4xx_hal_dma.o
    0x08000510   0x08000510   0x00000028   Code   RO         1857    i.DMA_SetConfig     stm32f4xx_hal_dma.o
    0x08000538   0x08000538   0x00000002   Code   RO          511    i.DebugMon_Handler  stm32f4xx_it.o
    0x0800053a   0x0800053a   0x00000004   Code   RO           13    i.Error_Handler     main.o
    0x0800053e   0x0800053e   0x00000092   Code   RO         1858    i.HAL_DMA_Abort     stm32f4xx_hal_dma.o
    0x080005d0   0x080005d0   0x00000024   Code   RO         1859    i.HAL_DMA_Abort_IT  stm32f4xx_hal_dma.o
    0x080005f4   0x080005f4   0x000001a0   Code   RO         1863    i.HAL_DMA_IRQHandler  stm32f4xx_hal_dma.o
    0x08000794   0x08000794   0x000000d4   Code   RO         1864    i.HAL_DMA_Init      stm32f4xx_hal_dma.o
    0x08000868   0x08000868   0x0000006e   Code   RO         1868    i.HAL_DMA_Start_IT  stm32f4xx_hal_dma.o
    0x080008d6   0x080008d6   0x00000002   PAD
    0x080008d8   0x080008d8   0x00000024   Code   RO         2277    i.HAL_Delay         stm32f4xx_hal.o
    0x080008fc   0x080008fc   0x000001f0   Code   RO         1751    i.HAL_GPIO_Init     stm32f4xx_hal_gpio.o
    0x08000aec   0x08000aec   0x0000000a   Code   RO         1753    i.HAL_GPIO_ReadPin  stm32f4xx_hal_gpio.o
    0x08000af6   0x08000af6   0x0000000a   Code   RO         1755    i.HAL_GPIO_WritePin  stm32f4xx_hal_gpio.o
    0x08000b00   0x08000b00   0x0000000c   Code   RO         2283    i.HAL_GetTick       stm32f4xx_hal.o
    0x08000b0c   0x08000b0c   0x00000188   Code   RO          957    i.HAL_I2C_Init      stm32f4xx_hal_i2c.o
    0x08000c94   0x08000c94   0x000001f8   Code   RO          975    i.HAL_I2C_Mem_Read  stm32f4xx_hal_i2c.o
    0x08000e8c   0x08000e8c   0x000000a0   Code   RO          669    i.HAL_I2C_MspInit   stm32f4xx_hal_msp.o
    0x08000f2c   0x08000f2c   0x00000010   Code   RO         2289    i.HAL_IncTick       stm32f4xx_hal.o
    0x08000f3c   0x08000f3c   0x00000034   Code   RO         2290    i.HAL_Init          stm32f4xx_hal.o
    0x08000f70   0x08000f70   0x00000040   Code   RO         2291    i.HAL_InitTick      stm32f4xx_hal.o
    0x08000fb0   0x08000fb0   0x00000030   Code   RO          670    i.HAL_MspInit       stm32f4xx_hal_msp.o
    0x08000fe0   0x08000fe0   0x0000001a   Code   RO         2140    i.HAL_NVIC_EnableIRQ  stm32f4xx_hal_cortex.o
    0x08000ffa   0x08000ffa   0x00000002   PAD
    0x08000ffc   0x08000ffc   0x00000040   Code   RO         2146    i.HAL_NVIC_SetPriority  stm32f4xx_hal_cortex.o
    0x0800103c   0x0800103c   0x00000024   Code   RO         2147    i.HAL_NVIC_SetPriorityGrouping  stm32f4xx_hal_cortex.o
    0x08001060   0x08001060   0x00000134   Code   RO         1397    i.HAL_RCC_ClockConfig  stm32f4xx_hal_rcc.o
    0x08001194   0x08001194   0x00000020   Code   RO         1404    i.HAL_RCC_GetPCLK1Freq  stm32f4xx_hal_rcc.o
    0x080011b4   0x080011b4   0x00000020   Code   RO         1405    i.HAL_RCC_GetPCLK2Freq  stm32f4xx_hal_rcc.o
    0x080011d4   0x080011d4   0x00000064   Code   RO         1406    i.HAL_RCC_GetSysClockFreq  stm32f4xx_hal_rcc.o
    0x08001238   0x08001238   0x0000036c   Code   RO         1409    i.HAL_RCC_OscConfig  stm32f4xx_hal_rcc.o
    0x080015a4   0x080015a4   0x00000028   Code   RO         2151    i.HAL_SYSTICK_Config  stm32f4xx_hal_cortex.o
    0x080015cc   0x080015cc   0x00000002   Code   RO         3234    i.HAL_TIMEx_BreakCallback  stm32f4xx_hal_tim_ex.o
    0x080015ce   0x080015ce   0x00000002   Code   RO         3235    i.HAL_TIMEx_CommutCallback  stm32f4xx_hal_tim_ex.o
    0x080015d0   0x080015d0   0x00000054   Code   RO         3237    i.HAL_TIMEx_ConfigBreakDeadTime  stm32f4xx_hal_tim_ex.o
    0x08001624   0x08001624   0x00000090   Code   RO         3253    i.HAL_TIMEx_MasterConfigSynchronization  stm32f4xx_hal_tim_ex.o
    0x080016b4   0x080016b4   0x000000c0   Code   RO         3264    i.HAL_TIMEx_PWMN_Start  stm32f4xx_hal_tim_ex.o
    0x08001774   0x08001774   0x0000005a   Code   RO         2530    i.HAL_TIM_Base_Init  stm32f4xx_hal_tim.o
    0x080017ce   0x080017ce   0x00000002   PAD
    0x080017d0   0x080017d0   0x00000248   Code   RO          672    i.HAL_TIM_Base_MspInit  stm32f4xx_hal_msp.o
    0x08001a18   0x08001a18   0x000000dc   Code   RO         2539    i.HAL_TIM_ConfigClockSource  stm32f4xx_hal_tim.o
    0x08001af4   0x08001af4   0x00000002   Code   RO         2564    i.HAL_TIM_IC_CaptureCallback  stm32f4xx_hal_tim.o
    0x08001af6   0x08001af6   0x00000166   Code   RO         2578    i.HAL_TIM_IRQHandler  stm32f4xx_hal_tim.o
    0x08001c5c   0x08001c5c   0x000002ac   Code   RO          673    i.HAL_TIM_MspPostInit  stm32f4xx_hal_msp.o
    0x08001f08   0x08001f08   0x00000002   Code   RO         2581    i.HAL_TIM_OC_DelayElapsedCallback  stm32f4xx_hal_tim.o
    0x08001f0a   0x08001f0a   0x000000cc   Code   RO         2602    i.HAL_TIM_PWM_ConfigChannel  stm32f4xx_hal_tim.o
    0x08001fd6   0x08001fd6   0x0000005a   Code   RO         2605    i.HAL_TIM_PWM_Init  stm32f4xx_hal_tim.o
    0x08002030   0x08002030   0x00000002   Code   RO         2607    i.HAL_TIM_PWM_MspInit  stm32f4xx_hal_tim.o
    0x08002032   0x08002032   0x00000002   Code   RO         2608    i.HAL_TIM_PWM_PulseFinishedCallback  stm32f4xx_hal_tim.o
    0x08002034   0x08002034   0x000000c8   Code   RO         2610    i.HAL_TIM_PWM_Start  stm32f4xx_hal_tim.o
    0x080020fc   0x080020fc   0x00000002   Code   RO         2616    i.HAL_TIM_PeriodElapsedCallback  stm32f4xx_hal_tim.o
    0x080020fe   0x080020fe   0x00000002   Code   RO         2621    i.HAL_TIM_TriggerCallback  stm32f4xx_hal_tim.o
    0x08002100   0x08002100   0x00000002   Code   RO         3512    i.HAL_UARTEx_RxEventCallback  stm32f4xx_hal_uart.o
    0x08002102   0x08002102   0x00000002   Code   RO         3526    i.HAL_UART_ErrorCallback  stm32f4xx_hal_uart.o
    0x08002104   0x08002104   0x00000268   Code   RO         3529    i.HAL_UART_IRQHandler  stm32f4xx_hal_uart.o
    0x0800236c   0x0800236c   0x00000062   Code   RO         3530    i.HAL_UART_Init     stm32f4xx_hal_uart.o
    0x080023ce   0x080023ce   0x00000002   PAD
    0x080023d0   0x080023d0   0x000000b4   Code   RO          675    i.HAL_UART_MspInit  stm32f4xx_hal_msp.o
    0x08002484   0x08002484   0x0000002a   Code   RO         3534    i.HAL_UART_Receive_DMA  stm32f4xx_hal_uart.o
    0x080024ae   0x080024ae   0x00000002   PAD
    0x080024b0   0x080024b0   0x0000000c   Code   RO           14    i.HAL_UART_RxCpltCallback  main.o
    0x080024bc   0x080024bc   0x00000002   Code   RO         3537    i.HAL_UART_RxHalfCpltCallback  stm32f4xx_hal_uart.o
    0x080024be   0x080024be   0x00000002   PAD
    0x080024c0   0x080024c0   0x000000b2   Code   RO         3538    i.HAL_UART_Transmit  stm32f4xx_hal_uart.o
    0x08002572   0x08002572   0x00000002   Code   RO         3541    i.HAL_UART_TxCpltCallback  stm32f4xx_hal_uart.o
    0x08002574   0x08002574   0x00000002   Code   RO          512    i.HardFault_Handler  stm32f4xx_it.o
    0x08002576   0x08002576   0x0000002e   Code   RO          999    i.I2C_IsAcknowledgeFailed  stm32f4xx_hal_i2c.o
    0x080025a4   0x080025a4   0x000000fc   Code   RO         1009    i.I2C_RequestMemoryRead  stm32f4xx_hal_i2c.o
    0x080026a0   0x080026a0   0x00000068   Code   RO         1015    i.I2C_WaitOnFlagUntilTimeout  stm32f4xx_hal_i2c.o
    0x08002708   0x08002708   0x00000096   Code   RO         1016    i.I2C_WaitOnMasterAddressFlagUntilTimeout  stm32f4xx_hal_i2c.o
    0x0800279e   0x0800279e   0x00000066   Code   RO         1017    i.I2C_WaitOnRXNEFlagUntilTimeout  stm32f4xx_hal_i2c.o
    0x08002804   0x08002804   0x0000004c   Code   RO         1018    i.I2C_WaitOnTXEFlagUntilTimeout  stm32f4xx_hal_i2c.o
    0x08002850   0x08002850   0x000001d6   Code   RO          862    i.Kalman_getAngle   mpu9250_lib.o
    0x08002a26   0x08002a26   0x00000002   PAD
    0x08002a28   0x08002a28   0x000004c8   Code   RO          865    i.MPU9250_Read_Data  mpu9250_lib.o
    0x08002ef0   0x08002ef0   0x000000e4   Code   RO           15    i.MX_GPIO_Init      main.o
    0x08002fd4   0x08002fd4   0x00000068   Code   RO           16    i.MX_TIM10_Init     main.o
    0x0800303c   0x0800303c   0x00000068   Code   RO           17    i.MX_TIM11_Init     main.o
    0x080030a4   0x080030a4   0x00000094   Code   RO           18    i.MX_TIM12_Init     main.o
    0x08003138   0x08003138   0x00000068   Code   RO           19    i.MX_TIM13_Init     main.o
    0x080031a0   0x080031a0   0x00000068   Code   RO           20    i.MX_TIM14_Init     main.o
    0x08003208   0x08003208   0x000000f8   Code   RO           21    i.MX_TIM1_Init      main.o
    0x08003300   0x08003300   0x000000c8   Code   RO           22    i.MX_TIM2_Init      main.o
    0x080033c8   0x080033c8   0x000000b8   Code   RO           23    i.MX_TIM3_Init      main.o
    0x08003480   0x08003480   0x000000bc   Code   RO           24    i.MX_TIM4_Init      main.o
    0x0800353c   0x0800353c   0x000000a8   Code   RO           25    i.MX_TIM5_Init      main.o
    0x080035e4   0x080035e4   0x000000c8   Code   RO           26    i.MX_TIM8_Init      main.o
    0x080036ac   0x080036ac   0x00000084   Code   RO           27    i.MX_TIM9_Init      main.o
    0x08003730   0x08003730   0x00000002   Code   RO          513    i.MemManage_Handler  stm32f4xx_it.o
    0x08003732   0x08003732   0x00000002   Code   RO          514    i.NMI_Handler       stm32f4xx_it.o
    0x08003734   0x08003734   0x00000002   Code   RO          515    i.PendSV_Handler    stm32f4xx_it.o
    0x08003736   0x08003736   0x00000002   Code   RO          516    i.SVC_Handler       stm32f4xx_it.o
    0x08003738   0x08003738   0x00000004   Code   RO          517    i.SysTick_Handler   stm32f4xx_it.o
    0x0800373c   0x0800373c   0x00000090   Code   RO           28    i.SystemClock_Config  main.o
    0x080037cc   0x080037cc   0x00000010   Code   RO         3859    i.SystemInit        system_stm32f4xx.o
    0x080037dc   0x080037dc   0x0000001c   Code   RO          518    i.TIM1_BRK_TIM9_IRQHandler  stm32f4xx_it.o
    0x080037f8   0x080037f8   0x0000000c   Code   RO          519    i.TIM1_CC_IRQHandler  stm32f4xx_it.o
    0x08003804   0x08003804   0x0000001c   Code   RO          520    i.TIM1_TRG_COM_TIM11_IRQHandler  stm32f4xx_it.o
    0x08003820   0x08003820   0x0000001c   Code   RO          521    i.TIM1_UP_TIM10_IRQHandler  stm32f4xx_it.o
    0x0800383c   0x0800383c   0x0000000c   Code   RO          522    i.TIM3_IRQHandler   stm32f4xx_it.o
    0x08003848   0x08003848   0x0000000c   Code   RO          523    i.TIM4_IRQHandler   stm32f4xx_it.o
    0x08003854   0x08003854   0x0000000c   Code   RO          524    i.TIM5_IRQHandler   stm32f4xx_it.o
    0x08003860   0x08003860   0x0000001c   Code   RO          525    i.TIM8_BRK_TIM12_IRQHandler  stm32f4xx_it.o
    0x0800387c   0x0800387c   0x0000000c   Code   RO          526    i.TIM8_CC_IRQHandler  stm32f4xx_it.o
    0x08003888   0x08003888   0x0000001c   Code   RO          527    i.TIM8_TRG_COM_TIM14_IRQHandler  stm32f4xx_it.o
    0x080038a4   0x080038a4   0x0000001c   Code   RO          528    i.TIM8_UP_TIM13_IRQHandler  stm32f4xx_it.o
    0x080038c0   0x080038c0   0x000000c8   Code   RO         2623    i.TIM_Base_SetConfig  stm32f4xx_hal_tim.o
    0x08003988   0x08003988   0x0000001a   Code   RO         2624    i.TIM_CCxChannelCmd  stm32f4xx_hal_tim.o
    0x080039a2   0x080039a2   0x0000001a   Code   RO         3273    i.TIM_CCxNChannelCmd  stm32f4xx_hal_tim_ex.o
    0x080039bc   0x080039bc   0x00000014   Code   RO         2634    i.TIM_ETR_SetConfig  stm32f4xx_hal_tim.o
    0x080039d0   0x080039d0   0x00000010   Code   RO         2635    i.TIM_ITRx_SetConfig  stm32f4xx_hal_tim.o
    0x080039e0   0x080039e0   0x00000060   Code   RO         2636    i.TIM_OC1_SetConfig  stm32f4xx_hal_tim.o
    0x08003a40   0x08003a40   0x0000006c   Code   RO         2637    i.TIM_OC2_SetConfig  stm32f4xx_hal_tim.o
    0x08003aac   0x08003aac   0x00000068   Code   RO         2638    i.TIM_OC3_SetConfig  stm32f4xx_hal_tim.o
    0x08003b14   0x08003b14   0x00000050   Code   RO         2639    i.TIM_OC4_SetConfig  stm32f4xx_hal_tim.o
    0x08003b64   0x08003b64   0x00000022   Code   RO         2641    i.TIM_TI1_ConfigInputStage  stm32f4xx_hal_tim.o
    0x08003b86   0x08003b86   0x00000024   Code   RO         2643    i.TIM_TI2_ConfigInputStage  stm32f4xx_hal_tim.o
    0x08003baa   0x08003baa   0x00000010   Code   RO         3543    i.UART_DMAAbortOnError  stm32f4xx_hal_uart.o
    0x08003bba   0x08003bba   0x0000004a   Code   RO         3544    i.UART_DMAError     stm32f4xx_hal_uart.o
    0x08003c04   0x08003c04   0x00000082   Code   RO         3545    i.UART_DMAReceiveCplt  stm32f4xx_hal_uart.o
    0x08003c86   0x08003c86   0x0000001a   Code   RO         3547    i.UART_DMARxHalfCplt  stm32f4xx_hal_uart.o
    0x08003ca0   0x08003ca0   0x0000004e   Code   RO         3553    i.UART_EndRxTransfer  stm32f4xx_hal_uart.o
    0x08003cee   0x08003cee   0x0000001c   Code   RO         3554    i.UART_EndTxTransfer  stm32f4xx_hal_uart.o
    0x08003d0a   0x08003d0a   0x000000c0   Code   RO         3555    i.UART_Receive_IT   stm32f4xx_hal_uart.o
    0x08003dca   0x08003dca   0x00000002   PAD
    0x08003dcc   0x08003dcc   0x0000010c   Code   RO         3556    i.UART_SetConfig    stm32f4xx_hal_uart.o
    0x08003ed8   0x08003ed8   0x00000094   Code   RO         3557    i.UART_Start_Receive_DMA  stm32f4xx_hal_uart.o
    0x08003f6c   0x08003f6c   0x00000078   Code   RO         3559    i.UART_WaitOnFlagUntilTimeout  stm32f4xx_hal_uart.o
    0x08003fe4   0x08003fe4   0x0000000c   Code   RO          529    i.USART6_IRQHandler  stm32f4xx_it.o
    0x08003ff0   0x08003ff0   0x00000002   Code   RO          530    i.UsageFault_Handler  stm32f4xx_it.o
    0x08003ff2   0x08003ff2   0x00000030   Code   RO         4076    i.__ARM_fpclassify  m_wm.l(fpclassify.o)
    0x08004022   0x08004022   0x00000020   Code   RO         2153    i.__NVIC_SetPriority  stm32f4xx_hal_cortex.o
    0x08004042   0x08004042   0x00000006   PAD
    0x08004048   0x08004048   0x00000358   Code   RO         3941    i.__hardfp_acos     m_wm.l(acos.o)
    0x080043a0   0x080043a0   0x000002d8   Code   RO         3955    i.__hardfp_atan     m_wm.l(atan.o)
    0x08004678   0x08004678   0x00000200   Code   RO         3969    i.__hardfp_atan2    m_wm.l(atan2.o)
    0x08004878   0x08004878   0x00000014   Code   RO         3993    i.__hardfp_fabs     m_wm.l(fabs.o)
    0x0800488c   0x0800488c   0x00000004   PAD
    0x08004890   0x08004890   0x00000c50   Code   RO         3999    i.__hardfp_pow      m_wm.l(pow.o)
    0x080054e0   0x080054e0   0x0000007a   Code   RO         4025    i.__hardfp_sqrt     m_wm.l(sqrt.o)
    0x0800555a   0x0800555a   0x000000f8   Code   RO         4078    i.__kernel_poly     m_wm.l(poly.o)
    0x08005652   0x08005652   0x00000006   PAD
    0x08005658   0x08005658   0x00000030   Code   RO         4062    i.__mathlib_dbl_divzero  m_wm.l(dunder.o)
    0x08005688   0x08005688   0x00000014   Code   RO         4063    i.__mathlib_dbl_infnan  m_wm.l(dunder.o)
    0x0800569c   0x0800569c   0x00000014   Code   RO         4064    i.__mathlib_dbl_infnan2  m_wm.l(dunder.o)
    0x080056b0   0x080056b0   0x00000020   Code   RO         4065    i.__mathlib_dbl_invalid  m_wm.l(dunder.o)
    0x080056d0   0x080056d0   0x00000020   Code   RO         4066    i.__mathlib_dbl_overflow  m_wm.l(dunder.o)
    0x080056f0   0x080056f0   0x00000020   Code   RO         4068    i.__mathlib_dbl_underflow  m_wm.l(dunder.o)
    0x08005710   0x08005710   0x00000010   Code   RO         3957    i.atan              m_wm.l(atan.o)
    0x08005720   0x08005720   0x00000474   Code   RO           29    i.bodykinematic     main.o
    0x08005b94   0x08005b94   0x00000164   Code   RO           33    i.calculate_pid     main.o
    0x08005cf8   0x08005cf8   0x0000006c   Code   RO           36    i.check_angle_err   main.o
    0x08005d64   0x08005d64   0x00000018   Code   RO         3995    i.fabs              m_wm.l(fabs.o)
    0x08005d7c   0x08005d7c   0x000000cc   Code   RO           38    i.inverse_akhir     main.o
    0x08005e48   0x08005e48   0x000002c8   Code   RO           39    i.inverse_kinematic  main.o
    0x08006110   0x08006110   0x000006d4   Code   RO           40    i.jalan             main.o
    0x080067e4   0x080067e4   0x00000268   Code   RO           42    i.main              main.o
    0x08006a4c   0x08006a4c   0x000000e4   Code   RO           45    i.polinom           main.o
    0x08006b30   0x08006b30   0x000000cc   Code   RO           50    i.pos_steady        main.o
    0x08006bfc   0x08006bfc   0x000001f4   Code   RO           56    i.poskaki_awal      main.o
    0x08006df0   0x08006df0   0x000003ac   Code   RO          738    i.rx_get            komunikasirobot.o
    0x0800719c   0x0800719c   0x00000686   Code   RO           58    i.servowrite        main.o
    0x08007822   0x08007822   0x0000006e   Code   RO         4027    i.sqrt              m_wm.l(sqrt.o)
    0x08007890   0x08007890   0x000001fc   Code   RO           60    i.titik_awal        main.o
    0x08007a8c   0x08007a8c   0x0000164c   Code   RO           64    i.trayektori_tripod  main.o
    0x080090d8   0x080090d8   0x000016aa   Code   RO           66    i.treyektori_halftripod  main.o
    0x0800a782   0x0800a782   0x00000018   Code   RO         3903    x$fpl$basic         fz_wm.l(basic.o)
    0x0800a79a   0x0800a79a   0x00000002   PAD
    0x0800a79c   0x0800a79c   0x00000150   Code   RO         3907    x$fpl$dadd          fz_wm.l(daddsub_clz.o)
    0x0800a8ec   0x0800a8ec   0x00000010   Code   RO         4114    x$fpl$dcheck1       fz_wm.l(dcheck1.o)
    0x0800a8fc   0x0800a8fc   0x00000018   Code   RO         4044    x$fpl$dcmpinf       fz_wm.l(dcmpi.o)
    0x0800a914   0x0800a914   0x000002b0   Code   RO         3914    x$fpl$ddiv          fz_wm.l(ddiv.o)
    0x0800abc4   0x0800abc4   0x00000078   Code   RO         3917    x$fpl$deqf          fz_wm.l(deqf.o)
    0x0800ac3c   0x0800ac3c   0x0000005e   Code   RO         3919    x$fpl$dfix          fz_wm.l(dfix.o)
    0x0800ac9a   0x0800ac9a   0x00000002   PAD
    0x0800ac9c   0x0800ac9c   0x0000005a   Code   RO         3923    x$fpl$dfixu         fz_wm.l(dfixu.o)
    0x0800acf6   0x0800acf6   0x0000002e   Code   RO         3928    x$fpl$dflt          fz_wm.l(dflt_clz.o)
    0x0800ad24   0x0800ad24   0x00000026   Code   RO         3927    x$fpl$dfltu         fz_wm.l(dflt_clz.o)
    0x0800ad4a   0x0800ad4a   0x00000002   PAD
    0x0800ad4c   0x0800ad4c   0x00000078   Code   RO         3933    x$fpl$dleqf         fz_wm.l(dleqf.o)
    0x0800adc4   0x0800adc4   0x00000154   Code   RO         3935    x$fpl$dmul          fz_wm.l(dmul.o)
    0x0800af18   0x0800af18   0x0000009c   Code   RO         4046    x$fpl$dnaninf       fz_wm.l(dnaninf.o)
    0x0800afb4   0x0800afb4   0x0000000c   Code   RO         4048    x$fpl$dretinf       fz_wm.l(dretinf.o)
    0x0800afc0   0x0800afc0   0x0000006c   Code   RO         3937    x$fpl$drleqf        fz_wm.l(drleqf.o)
    0x0800b02c   0x0800b02c   0x00000016   Code   RO         3908    x$fpl$drsb          fz_wm.l(daddsub_clz.o)
    0x0800b042   0x0800b042   0x00000002   PAD
    0x0800b044   0x0800b044   0x00000198   Code   RO         4050    x$fpl$dsqrt         fz_wm.l(dsqrt_umaal.o)
    0x0800b1dc   0x0800b1dc   0x000001d4   Code   RO         3909    x$fpl$dsub          fz_wm.l(daddsub_clz.o)
    0x0800b3b0   0x0800b3b0   0x0000000a   Code   RO         4205    x$fpl$fpinit        fz_wm.l(fpinit.o)
    0x0800b3ba   0x0800b3ba   0x00000064   Code   RO         4133    x$fpl$retnan        fz_wm.l(retnan.o)
    0x0800b41e   0x0800b41e   0x0000005c   Code   RO         4056    x$fpl$scalbn        fz_wm.l(scalbn.o)
    0x0800b47a   0x0800b47a   0x00000030   Code   RO         4188    x$fpl$trapveneer    fz_wm.l(trapv.o)
    0x0800b4aa   0x0800b4aa   0x00000000   Code   RO         4058    x$fpl$usenofp       fz_wm.l(usenofp.o)
    0x0800b4aa   0x0800b4aa   0x00000008   Data   RO         1870    .constdata          stm32f4xx_hal_dma.o
    0x0800b4b2   0x0800b4b2   0x00000010   Data   RO         3860    .constdata          system_stm32f4xx.o
    0x0800b4c2   0x0800b4c2   0x00000008   Data   RO         3861    .constdata          system_stm32f4xx.o
    0x0800b4ca   0x0800b4ca   0x00000006   PAD
    0x0800b4d0   0x0800b4d0   0x00000050   Data   RO         3944    .constdata          m_wm.l(acos.o)
    0x0800b520   0x0800b520   0x00000098   Data   RO         3958    .constdata          m_wm.l(atan.o)
    0x0800b5b8   0x0800b5b8   0x00000088   Data   RO         4002    .constdata          m_wm.l(pow.o)
    0x0800b640   0x0800b640   0x00000008   Data   RO         4080    .constdata          m_wm.l(qnan.o)
    0x0800b648   0x0800b648   0x00000020   Data   RO         4263    Region$$Table       anon$$obj.o


    Execution Region RW_IRAM1 (Exec base: 0x20000000, Load base: 0x0800b668, Size: 0x00001ae0, Max: 0x0001c000, ABSOLUTE, COMPRESSED[0x000000b8])

    Exec Addr    Load Addr    Size         Type   Attr      Idx    E Section Name        Object

    0x20000000   COMPRESSED   0x000002c0   Data   RW           74    .data               main.o
    0x200002c0   COMPRESSED   0x00000008   Data   RW          753    .data               komunikasirobot.o
    0x200002c8   COMPRESSED   0x000000a0   Data   RW          870    .data               mpu9250_lib.o
    0x20000368   COMPRESSED   0x0000000c   Data   RW         2297    .data               stm32f4xx_hal.o
    0x20000374   COMPRESSED   0x00000004   Data   RW         3862    .data               system_stm32f4xx.o
    0x20000378        -       0x0000101c   Zero   RW           67    .bss                main.o
    0x20001394        -       0x00000060   Zero   RW           72    .bss                main.o
    0x200013f4        -       0x00000060   Zero   RW           73    .bss                main.o
    0x20001454        -       0x00000010   Zero   RW          752    .bss                komunikasirobot.o
    0x20001464        -       0x00000015   Zero   RW          869    .bss                mpu9250_lib.o
    0x20001479   COMPRESSED   0x00000003   PAD
    0x2000147c        -       0x00000060   Zero   RW         4117    .bss                c_w.l(libspace.o)
    0x200014dc   COMPRESSED   0x00000004   PAD
    0x200014e0        -       0x00000200   Zero   RW            2    HEAP                startup_stm32f407xx.o
    0x200016e0        -       0x00000400   Zero   RW            1    STACK               startup_stm32f407xx.o


    Execution Region RW_IRAM2 (Exec base: 0x2001c000, Load base: 0x0800b720, Size: 0x00000000, Max: 0x00004000, ABSOLUTE)

    **** No section assigned to this execution region ****


==============================================================================

Image component sizes


      Code (inc. data)   RO Data    RW Data    ZI Data      Debug   Object Name

       940         58          0          8         16       4969   komunikasirobot.o
     21776        662          0        704       4316     742770   main.o
      1694        102          0        160         21       6055   mpu9250_lib.o
        64         26        392          0       1536        908   startup_stm32f407xx.o
       180         28          0         12          0       9933   stm32f4xx_hal.o
       198         14          0          0          0      34335   stm32f4xx_hal_cortex.o
      1084         16          8          0          0       7934   stm32f4xx_hal_dma.o
       516         46          0          0          0       3107   stm32f4xx_hal_gpio.o
      1626         36          0          0          0      10422   stm32f4xx_hal_i2c.o
      1656        164          0          0          0       5714   stm32f4xx_hal_msp.o
      1348         76          0          0          0       5624   stm32f4xx_hal_rcc.o
      1894        108          0          0          0      18258   stm32f4xx_hal_tim.o
       450         56          0          0          0       5192   stm32f4xx_hal_tim_ex.o
      2022         30          0          0          0      15920   stm32f4xx_hal_uart.o
       284        108          0          0          0      12599   stm32f4xx_it.o
        16          4         24          4          0       1319   system_stm32f4xx.o

    ----------------------------------------------------------------------
     35770       1534        462        888       5892     885059   Object Totals
         0          0         32          0          0          0   (incl. Generated)
        22          0          6          0          3          0   (incl. Padding)

    ----------------------------------------------------------------------

      Code (inc. data)   RO Data    RW Data    ZI Data      Debug   Library Member Name

        90          0          0          0          0          0   __dczerorl2.o
         8          0          0          0          0         68   __main.o
         0          0          0          0          0          0   __rtentry.o
        12          0          0          0          0          0   __rtentry2.o
         6          0          0          0          0          0   __rtentry4.o
        52          8          0          0          0          0   __scatter.o
        28          0          0          0          0          0   __scatter_zi.o
        22          0          0          0          0        100   _rserrno.o
        18          0          0          0          0         80   exit.o
         6          0          0          0          0        152   heapauxi.o
         0          0          0          0          0          0   indicate_semi.o
         2          0          0          0          0          0   libinit.o
         6          0          0          0          0          0   libinit2.o
         2          0          0          0          0          0   libshutdown.o
         2          0          0          0          0          0   libshutdown2.o
         8          4          0          0         96         68   libspace.o
       238          0          0          0          0        100   lludivv7m.o
         8          4          0          0          0         68   rt_errno_addr_intlibspace.o
        78          0          0          0          0         80   rt_memclr_w.o
         2          0          0          0          0          0   rtexit.o
        10          0          0          0          0          0   rtexit2.o
        12          4          0          0          0         68   sys_exit.o
        74          0          0          0          0         80   sys_stackheap_outer.o
         2          0          0          0          0         68   use_no_semi.o
        24          0          0          0          0        164   basic.o
       826         16          0          0          0        492   daddsub_clz.o
        16          4          0          0          0        116   dcheck1.o
        24          0          0          0          0        116   dcmpi.o
       688        140          0          0          0        256   ddiv.o
       120          4          0          0          0        140   deqf.o
        94          4          0          0          0        140   dfix.o
        90          4          0          0          0        140   dfixu.o
        84          0          0          0          0        232   dflt_clz.o
       120          4          0          0          0        140   dleqf.o
       340         12          0          0          0        152   dmul.o
       156          4          0          0          0        140   dnaninf.o
        12          0          0          0          0        116   dretinf.o
       108          0          0          0          0        128   drleqf.o
       408         56          0          0          0        168   dsqrt_umaal.o
        10          0          0          0          0        116   fpinit.o
       100          0          0          0          0        116   retnan.o
        92          0          0          0          0        116   scalbn.o
        48          0          0          0          0        116   trapv.o
         0          0          0          0          0          0   usenofp.o
       856        118         80          0          0        288   acos.o
       744        106        152          0          0        352   atan.o
       512         64          0          0          0        208   atan2.o
       184         44          0          0          0        744   dunder.o
        44          0          0          0          0        248   fabs.o
        48          0          0          0          0        124   fpclassify.o
       248          0          0          0          0        152   poly.o
      3152        296        136          0          0        352   pow.o
         0          0          8          0          0          0   qnan.o
       232          0          0          0          0        296   sqrt.o

    ----------------------------------------------------------------------
     10088        896        376          0        100       6800   Library Totals
        22          0          0          0          4          0   (incl. Padding)

    ----------------------------------------------------------------------

      Code (inc. data)   RO Data    RW Data    ZI Data      Debug   Library Name

       686         20          0          0         96        932   c_w.l
      3360        248          0          0          0       3104   fz_wm.l
      6020        628        376          0          0       2764   m_wm.l

    ----------------------------------------------------------------------
     10088        896        376          0        100       6800   Library Totals

    ----------------------------------------------------------------------

==============================================================================


      Code (inc. data)   RO Data    RW Data    ZI Data      Debug   

     45858       2430        838        888       5992     874195   Grand Totals
     45858       2430        838        184       5992     874195   ELF Image Totals (compressed)
     45858       2430        838        184          0          0   ROM Totals

==============================================================================

    Total RO  Size (Code + RO Data)                46696 (  45.60kB)
    Total RW  Size (RW Data + ZI Data)              6880 (   6.72kB)
    Total ROM Size (Code + RO Data + RW Data)      46880 (  45.78kB)

==============================================================================

